Archive member included to satisfy reference by file (symbol)

app/libapp.a(main.c.obj)      (--whole-archive)
zephyr/libzephyr.a(cbprintf_packaged.c.obj)
                              (--whole-archive)
zephyr/libzephyr.a(dec.c.obj)
                              (--whole-archive)
zephyr/libzephyr.a(hex.c.obj)
                              (--whole-archive)
zephyr/libzephyr.a(printk.c.obj)
                              (--whole-archive)
zephyr/libzephyr.a(rb.c.obj)  (--whole-archive)
zephyr/libzephyr.a(sem.c.obj)
                              (--whole-archive)
zephyr/libzephyr.a(thread_entry.c.obj)
                              (--whole-archive)
zephyr/libzephyr.a(timeutil.c.obj)
                              (--whole-archive)
zephyr/libzephyr.a(heap.c.obj)
                              (--whole-archive)
zephyr/libzephyr.a(heap-validate.c.obj)
                              (--whole-archive)
zephyr/libzephyr.a(bitarray.c.obj)
                              (--whole-archive)
zephyr/libzephyr.a(multi_heap.c.obj)
                              (--whole-archive)
zephyr/libzephyr.a(onoff.c.obj)
                              (--whole-archive)
zephyr/libzephyr.a(notify.c.obj)
                              (--whole-archive)
zephyr/libzephyr.a(cbprintf_complete.c.obj)
                              (--whole-archive)
zephyr/libzephyr.a(assert.c.obj)
                              (--whole-archive)
zephyr/libzephyr.a(mpsc_pbuf.c.obj)
                              (--whole-archive)
zephyr/libzephyr.a(reboot.c.obj)
                              (--whole-archive)
zephyr/libzephyr.a(configs.c.obj)
                              (--whole-archive)
zephyr/libzephyr.a(log_core.c.obj)
                              (--whole-archive)
zephyr/libzephyr.a(log_mgmt.c.obj)
                              (--whole-archive)
zephyr/libzephyr.a(log_cache.c.obj)
                              (--whole-archive)
zephyr/libzephyr.a(log_msg.c.obj)
                              (--whole-archive)
zephyr/libzephyr.a(log_output.c.obj)
                              (--whole-archive)
zephyr/libzephyr.a(log_backend_rtt.c.obj)
                              (--whole-archive)
zephyr/libzephyr.a(log_backend_uart.c.obj)
                              (--whole-archive)
zephyr/libzephyr.a(mem_attr.c.obj)
                              (--whole-archive)
zephyr/libzephyr.a(tracing_none.c.obj)
                              (--whole-archive)
zephyr/libzephyr.a(addr_utils.c.obj)
                              (--whole-archive)
zephyr/libzephyr.a(lbs.c.obj)
                              (--whole-archive)
zephyr/libzephyr.a(utils.c.obj)
                              (--whole-archive)
zephyr/libzephyr.a(aes_decrypt.c.obj)
                              (--whole-archive)
zephyr/libzephyr.a(aes_encrypt.c.obj)
                              (--whole-archive)
zephyr/libzephyr.a(cmac_mode.c.obj)
                              (--whole-archive)
zephyr/arch/common/libarch__common.a(sw_isr_common.c.obj)
                              (--whole-archive)
zephyr/arch/arch/arm/core/libarch__arm__core.a(fatal.c.obj)
                              (--whole-archive)
zephyr/arch/arch/arm/core/libarch__arm__core.a(nmi.c.obj)
                              (--whole-archive)
zephyr/arch/arch/arm/core/libarch__arm__core.a(nmi_on_reset.S.obj)
                              (--whole-archive)
zephyr/arch/arch/arm/core/libarch__arm__core.a(tls.c.obj)
                              (--whole-archive)
zephyr/arch/arch/arm/core/cortex_m/libarch__arm__core__cortex_m.a(exc_exit.S.obj)
                              (--whole-archive)
zephyr/arch/arch/arm/core/cortex_m/libarch__arm__core__cortex_m.a(fault.c.obj)
                              (--whole-archive)
zephyr/arch/arch/arm/core/cortex_m/libarch__arm__core__cortex_m.a(fault_s.S.obj)
                              (--whole-archive)
zephyr/arch/arch/arm/core/cortex_m/libarch__arm__core__cortex_m.a(fpu.c.obj)
                              (--whole-archive)
zephyr/arch/arch/arm/core/cortex_m/libarch__arm__core__cortex_m.a(reset.S.obj)
                              (--whole-archive)
zephyr/arch/arch/arm/core/cortex_m/libarch__arm__core__cortex_m.a(scb.c.obj)
                              (--whole-archive)
zephyr/arch/arch/arm/core/cortex_m/libarch__arm__core__cortex_m.a(thread_abort.c.obj)
                              (--whole-archive)
zephyr/arch/arch/arm/core/cortex_m/libarch__arm__core__cortex_m.a(vector_table.S.obj)
                              (--whole-archive)
zephyr/arch/arch/arm/core/cortex_m/libarch__arm__core__cortex_m.a(swap.c.obj)
                              (--whole-archive)
zephyr/arch/arch/arm/core/cortex_m/libarch__arm__core__cortex_m.a(swap_helper.S.obj)
                              (--whole-archive)
zephyr/arch/arch/arm/core/cortex_m/libarch__arm__core__cortex_m.a(irq_manage.c.obj)
                              (--whole-archive)
zephyr/arch/arch/arm/core/cortex_m/libarch__arm__core__cortex_m.a(prep_c.c.obj)
[...]
Memory Configuration

Name             Origin             Length             Attributes
FLASH            0x0000000000000000 0x0000000000080000 xr
RAM              0x0000000020000000 0x0000000000010000 xw
IDT_LIST         0x00000000ffff7fff 0x0000000000008000 xw
*default*        0x0000000000000000 0xffffffffffffffff

Linker script and memory map

                0x000000000001cc70                vfprintf = __l_vfprintf
                0x0000000000000000                vfscanf = __l_vfscanf
LOAD zephyr/CMakeFiles/zephyr_pre0.dir/misc/empty_file.c.obj
LOAD zephyr/CMakeFiles/offsets.dir/./arch/arm/core/offsets/offsets.c.obj
LOAD app/libapp.a
LOAD zephyr/libzephyr.a
LOAD zephyr/arch/common/libarch__common.a
LOAD zephyr/arch/arch/arm/core/libarch__arm__core.a
LOAD zephyr/arch/arch/arm/core/cortex_m/libarch__arm__core__cortex_m.a
LOAD zephyr/arch/arch/arm/core/mpu/libarch__arm__core__mpu.a
LOAD zephyr/lib/libc/picolibc/liblib__libc__picolibc.a
LOAD zephyr/lib/libc/common/liblib__libc__common.a
LOAD zephyr/soc/soc/arm/nordic_nrf/libsoc__arm__nordic_nrf.a
LOAD zephyr/subsys/random/libsubsys__random.a
LOAD zephyr/subsys/bluetooth/common/libsubsys__bluetooth__common.a
LOAD zephyr/subsys/bluetooth/host/libsubsys__bluetooth__host.a
LOAD zephyr/subsys/net/libsubsys__net.a
LOAD zephyr/drivers/clock_control/libdrivers__clock_control.a
LOAD zephyr/drivers/console/libdrivers__console.a
LOAD zephyr/drivers/entropy/libdrivers__entropy.a
LOAD zephyr/drivers/gpio/libdrivers__gpio.a
LOAD zephyr/drivers/pinctrl/libdrivers__pinctrl.a
LOAD zephyr/drivers/serial/libdrivers__serial.a
LOAD zephyr/drivers/timer/libdrivers__timer.a
LOAD modules/nrf/lib/dk_buttons_and_leds/lib..__nrf__lib__dk_buttons_and_leds.a
LOAD modules/nrf/lib/multithreading_lock/lib..__nrf__lib__multithreading_lock.a
LOAD modules/nrf/lib/fatal_error/lib..__nrf__lib__fatal_error.a
LOAD modules/nrf/subsys/bluetooth/controller/lib..__nrf__subsys__bluetooth__controller.a
LOAD modules/nrf/subsys/mpsl/init/lib..__nrf__subsys__mpsl__init.a
LOAD modules/nrf/subsys/mpsl/fem/lib..__nrf__subsys__mpsl__fem.a
LOAD modules/nrf/drivers/mpsl/clock_control/lib..__nrf__drivers__mpsl__clock_control.a
LOAD modules/hal_nordic/nrfx/libmodules__hal_nordic__nrfx.a
LOAD modules/segger/libmodules__segger.a
LOAD zephyr/kernel/libkernel.a
LOAD c:/ncs/toolchains/cf2149caf2/opt/zephyr-sdk/arm-zephyr-eabi/bin/../lib/gcc/arm-zephyr-eabi/12.2.0/thumb/v7e-m/nofp\libgcc.a
LOAD zephyr/arch/common/libisr_tables.a
LOAD C:/ncs/v2.6.1/nrfxlib/crypto/nrf_oberon/lib/cortex-m4/soft-float/liboberon_3.0.14.a
LOAD C:/ncs/v2.6.1/nrfxlib/softdevice_controller/lib/cortex-m4/soft-float/libsoftdevice_controller_peripheral.a
LOAD C:/ncs/v2.6.1/nrfxlib/mpsl/fem/common/lib/cortex-m4/soft-float/libmpsl_fem_common.a
LOAD C:/ncs/v2.6.1/nrfxlib/mpsl/fem/nrf21540_gpio/lib/cortex-m4/soft-float/libmpsl_fem_nrf21540_gpio.a
LOAD C:/ncs/v2.6.1/nrfxlib/mpsl/fem/nrf21540_gpio_spi/lib/cortex-m4/soft-float/libmpsl_fem_nrf21540_gpio_spi.a
LOAD C:/ncs/v2.6.1/nrfxlib/mpsl/fem/simple_gpio/lib/cortex-m4/soft-float/libmpsl_fem_simple_gpio.a
LOAD C:/ncs/v2.6.1/nrfxlib/mpsl/lib/cortex-m4/soft-float/libmpsl.a
LOAD c:\ncs\toolchains\cf2149caf2\opt\zephyr-sdk\arm-zephyr-eabi\bin\../lib/gcc/../../picolibc/arm-zephyr-eabi/lib/thumb/v7e-m/nofp\libc.a
LOAD c:/ncs/toolchains/cf2149caf2/opt/zephyr-sdk/arm-zephyr-eabi/bin/../lib/gcc/arm-zephyr-eabi/12.2.0/thumb/v7e-m/nofp\libgcc.a
                0x0000000000000020                _region_min_align = 0x20

.rel.plt        0x0000000000000000        0x0
 *(SORT_BY_ALIGNMENT(.rel.plt))
                [!provide]                        PROVIDE (__rel_iplt_start = .)
 *(SORT_BY_ALIGNMENT(.rel.iplt))
 .rel.iplt      0x0000000000000000        0x0 app/libapp.a(main.c.obj)
                [!provide]                        PROVIDE (__rel_iplt_end = .)

.rela.plt       0x0000000000000000        0x0
 *(SORT_BY_ALIGNMENT(.rela.plt))
                [!provide]                        PROVIDE (__rela_iplt_start = .)
 *(SORT_BY_ALIGNMENT(.rela.iplt))
                [!provide]                        PROVIDE (__rela_iplt_end = .)

.rel.dyn
 *(SORT_BY_ALIGNMENT(.rel.*))

.rela.dyn
 *(SORT_BY_ALIGNMENT(.rela.*))

/DISCARD/
 *(SORT_BY_ALIGNMENT(.plt))

/DISCARD/
 *(SORT_BY_ALIGNMENT(.iplt))
                0x0000000000000000                __rom_region_start = 0x0

rom_start       0x0000000000000000       0xdc
                0x0000000000000000                __rom_start_address = .
 FILL mask 0x00
                0x0000000000000000                . = (. + (0x0 - (. - __rom_start_address)))
                0x0000000000000000                . = ALIGN (0x4)
                0x0000000000000000                . = ALIGN (0x80)
                0x0000000000000000                . = ALIGN (0x100)
                0x0000000000000000                _vector_start = .
 *(SORT_BY_ALIGNMENT(.exc_vector_table))
 *(SORT_BY_ALIGNMENT(.exc_vector_table.*))
 .exc_vector_table._vector_table_section
                0x0000000000000000       0x40 zephyr/arch/arch/arm/core/cortex_m/libarch__arm__core__cortex_m.a(vector_table.S.obj)
                0x0000000000000000                _vector_table
 *(SORT_BY_ALIGNMENT(.vectors))
                0x00000000000000dc                _vector_end = .
                0x0000000000000040                . = ALIGN (0x4)
 *(SORT_BY_ALIGNMENT(.gnu.linkonce.irq_vector_table*))
 .gnu.linkonce.irq_vector_table
                0x0000000000000040       0x9c zephyr/arch/common/libisr_tables.a(isr_tables.c.obj)
                0x0000000000000040                _irq_vector_table
                0x00000000000000dc                _vector_end = .

text            0x00000000000000dc    0x221d8
                0x00000000000000dc                __text_region_start = .
 *(SORT_BY_ALIGNMENT(.text))
 .text          0x00000000000000dc      0x168 c:/ncs/toolchains/cf2149caf2/opt/zephyr-sdk/arm-zephyr-eabi/bin/../lib/gcc/arm-zephyr-eabi/12.2.0/thumb/v7e-m/nofp\libgcc.a(_arm_mulsf3.o)
                0x00000000000000dc                __aeabi_fmul
                0x00000000000000dc                __mulsf3
 .text          0x0000000000000244      0x378 c:/ncs/toolchains/cf2149caf2/opt/zephyr-sdk/arm-zephyr-eabi/bin/../lib/gcc/arm-zephyr-eabi/12.2.0/thumb/v7e-m/nofp\libgcc.a(_arm_addsubdf3.o)
                0x0000000000000244                __aeabi_drsub
                0x000000000000024c                __subdf3
                0x000000000000024c                __aeabi_dsub
                0x0000000000000250                __aeabi_dadd
                0x0000000000000250                __adddf3
                0x00000000000004c8                __floatunsidf
                0x00000000000004c8                __aeabi_ui2d
                0x00000000000004e8                __aeabi_i2d
                0x00000000000004e8                __floatsidf
                0x000000000000050c                __extendsfdf2
                0x000000000000050c                __aeabi_f2d
                0x0000000000000550                __floatundidf
                0x0000000000000550                __aeabi_ul2d
                0x0000000000000560                __aeabi_l2d
                0x0000000000000560                __floatdidf
 .text          0x00000000000005bc      0x21c c:/ncs/toolchains/cf2149caf2/opt/zephyr-sdk/arm-zephyr-eabi/bin/../lib/gcc/arm-zephyr-eabi/12.2.0/thumb/v7e-m/nofp\libgcc.a(_arm_addsubsf3.o)
                0x00000000000005bc                __aeabi_frsub
                0x00000000000005c4                __subsf3
                0x00000000000005c4                __aeabi_fsub
                0x00000000000005c8                __addsf3
                0x00000000000005c8                __aeabi_fadd
                0x0000000000000728                __aeabi_ui2f
                0x0000000000000728                __floatunsisf
                0x0000000000000730                __floatsisf
                0x0000000000000730                __aeabi_i2f
                0x000000000000074c                __aeabi_ul2f
                0x000000000000074c                __floatundisf
                0x000000000000075c                __aeabi_l2f
                0x000000000000075c                __floatdisf
 .text          0x00000000000007d8       0x30 c:/ncs/toolchains/cf2149caf2/opt/zephyr-sdk/arm-zephyr-eabi/bin/../lib/gcc/arm-zephyr-eabi/12.2.0/thumb/v7e-m/nofp\libgcc.a(_aeabi_uldivmod.o)
                0x00000000000007d8                __aeabi_uldivmod
 .text          0x0000000000000808        0x4 c:/ncs/toolchains/cf2149caf2/opt/zephyr-sdk/arm-zephyr-eabi/bin/../lib/gcc/arm-zephyr-eabi/12.2.0/thumb/v7e-m/nofp\libgcc.a(_dvmd_tls.o)
                0x0000000000000808                __aeabi_idiv0
                0x0000000000000808                __aeabi_ldiv0
 .text          0x000000000000080c      0x41c C:/ncs/v2.6.1/nrfxlib/crypto/nrf_oberon/lib/cortex-m4/soft-float/liboberon_3.0.14.a(ocrypto_bigint256.s.obj)
                0x000000000000080c                ocrypto_bigint_add256
                0x000000000000084c                ocrypto_bigint_sub256
                0x000000000000088c                ocrypto_bigint_cadd256
                0x00000000000008e8                ocrypto_bigint_csub256
                0x0000000000000944                ocrypto_bigint_cswap256
                0x0000000000000978                ocrypto_mul256_noframe
                0x0000000000000ad0                ocrypto_bigint_mul256
                0x0000000000000af0                ocrypto_sqr256_noframe
                0x0000000000000c08                ocrypto_bigint_sqr256
 .text          0x0000000000000c28       0x5c C:/ncs/v2.6.1/nrfxlib/crypto/nrf_oberon/lib/cortex-m4/soft-float/liboberon_3.0.14.a(ocrypto_constant_time.s.obj)
                0x0000000000000c28                ocrypto_constant_time_equal
                0x0000000000000c50                ocrypto_constant_time_is_zero
                0x0000000000000c6c                ocrypto_constant_time_xor
 .text          0x0000000000000c84      0x1ec C:/ncs/v2.6.1/nrfxlib/crypto/nrf_oberon/lib/cortex-m4/soft-float/liboberon_3.0.14.a(ocrypto_mod_p256_base.s.obj)
                0x0000000000000c84                ocrypto_mod_p256_add
                0x0000000000000d00                ocrypto_mod_p256_sub
                0x0000000000000e10                ocrypto_mod_p256_mul
                0x0000000000000e40                ocrypto_mod_p256_sqr
 .text          0x0000000000000e70       0xb8 C:/ncs/v2.6.1/nrfxlib/softdevice_controller/lib/cortex-m4/soft-float/libsoftdevice_controller_peripheral.a(libsoftdevice_controller_s112_debug_soft__obfuscated.elf)
 .text          0x0000000000000f28       0x78 C:/ncs/v2.6.1/nrfxlib/softdevice_controller/lib/cortex-m4/soft-float/libsoftdevice_controller_peripheral.a(libsoftdevice_controller_s112_debug_soft__obfuscated.elf)
                0x0000000000000f28                sym_476LRB5XNUARAHCHHC7ZAIGPFC5VZ4W2N4467LI
 .text          0x0000000000000fa0       0x48 C:/ncs/v2.6.1/nrfxlib/softdevice_controller/lib/cortex-m4/soft-float/libsoftdevice_controller_peripheral.a(libsoftdevice_controller_s112_debug_soft__obfuscated.elf)
 .text          0x0000000000000fe8       0x7c C:/ncs/v2.6.1/nrfxlib/softdevice_controller/lib/cortex-m4/soft-float/libsoftdevice_controller_peripheral.a(libsoftdevice_controller_s112_debug_soft__obfuscated.elf)
                0x0000000000000fe8                sdc_init
 .text          0x0000000000001064       0x8c C:/ncs/v2.6.1/nrfxlib/softdevice_controller/lib/cortex-m4/soft-float/libsoftdevice_controller_peripheral.a(libsoftdevice_controller_s112_debug_soft__obfuscated.elf)
                0x0000000000001064                sdc_cfg_set
 .text          0x00000000000010f0       0x58 C:/ncs/v2.6.1/nrfxlib/softdevice_controller/lib/cortex-m4/soft-float/libsoftdevice_controller_peripheral.a(libsoftdevice_controller_s112_debug_soft__obfuscated.elf)
                0x00000000000010f0                sdc_enable
 .text          0x0000000000001148       0x28 C:/ncs/v2.6.1/nrfxlib/softdevice_controller/lib/cortex-m4/soft-float/libsoftdevice_controller_peripheral.a(libsoftdevice_controller_s112_debug_soft__obfuscated.elf)
                0x0000000000001148                sdc_disable
 .text          0x0000000000001170       0x24 C:/ncs/v2.6.1/nrfxlib/softdevice_controller/lib/cortex-m4/soft-float/libsoftdevice_controller_peripheral.a(libsoftdevice_controller_s112_debug_soft__obfuscated.elf)
                0x0000000000001170                sdc_build_revision_get
 .text          0x0000000000001194       0x24 C:/ncs/v2.6.1/nrfxlib/softdevice_controller/lib/cortex-m4/soft-float/libsoftdevice_controller_peripheral.a(libsoftdevice_controller_s112_debug_soft__obfuscated.elf)
                0x0000000000001194                sdc_support_adv
 .text          0x00000000000011b8       0x24 C:/ncs/v2.6.1/nrfxlib/softdevice_controller/lib/cortex-m4/soft-float/libsoftdevice_controller_peripheral.a(libsoftdevice_controller_s112_debug_soft__obfuscated.elf)
                0x00000000000011b8                sdc_support_peripheral
 .text          0x00000000000011dc       0x24 C:/ncs/v2.6.1/nrfxlib/softdevice_controller/lib/cortex-m4/soft-float/libsoftdevice_controller_peripheral.a(libsoftdevice_controller_s112_debug_soft__obfuscated.elf)
                0x00000000000011dc                sdc_support_dle_peripheral
 .text          0x0000000000001200       0x24 C:/ncs/v2.6.1/nrfxlib/softdevice_controller/lib/cortex-m4/soft-float/libsoftdevice_controller_peripheral.a(libsoftdevice_controller_s112_debug_soft__obfuscated.elf)
                0x0000000000001200                sdc_support_le_2m_phy
 .text          0x0000000000001224       0x24 C:/ncs/v2.6.1/nrfxlib/softdevice_controller/lib/cortex-m4/soft-float/libsoftdevice_controller_peripheral.a(libsoftdevice_controller_s112_debug_soft__obfuscated.elf)
                0x0000000000001224                sdc_support_phy_update_peripheral
 .text          0x0000000000001248       0x10 C:/ncs/v2.6.1/nrfxlib/softdevice_controller/lib/cortex-m4/soft-float/libsoftdevice_controller_peripheral.a(libsoftdevice_controller_s112_debug_soft__obfuscated.elf)
                0x0000000000001248                sdc_rand_source_register
 .text          0x0000000000001258        0xc C:/ncs/v2.6.1/nrfxlib/softdevice_controller/lib/cortex-m4/soft-float/libsoftdevice_controller_peripheral.a(libsoftdevice_controller_s112_debug_soft__obfuscated.elf)
                0x0000000000001258                sym_CVMXQJYKHZVHIOMGOYEICPLVAIQNUBL6USVNZSA
 .text          0x0000000000001264       0x10 C:/ncs/v2.6.1/nrfxlib/softdevice_controller/lib/cortex-m4/soft-float/libsoftdevice_controller_peripheral.a(libsoftdevice_controller_s112_debug_soft__obfuscated.elf)
                0x0000000000001264                sym_EZ7BAEZZMYJFIJAONX254JF3WPGEXUT4NMP2WJQ
 .text          0x0000000000001274       0xac C:/ncs/v2.6.1/nrfxlib/softdevice_controller/lib/cortex-m4/soft-float/libsoftdevice_controller_peripheral.a(libsoftdevice_controller_s112_debug_soft__obfuscated.elf)
                0x0000000000001274                sym_MS2INTHZLDZMKZ5TZUDLWHPLKH3FLVZPA26JG6A
 .text          0x0000000000001320       0x28 C:/ncs/v2.6.1/nrfxlib/softdevice_controller/lib/cortex-m4/soft-float/libsoftdevice_controller_peripheral.a(libsoftdevice_controller_s112_debug_soft__obfuscated.elf)
                0x0000000000001320                sym_TG7NSIC2UKHCUBZWZ4K4EMD5QRI2QVSKVKV6CFQ
 .text          0x0000000000001348       0x3c C:/ncs/v2.6.1/nrfxlib/softdevice_controller/lib/cortex-m4/soft-float/libsoftdevice_controller_peripheral.a(libsoftdevice_controller_s112_debug_soft__obfuscated.elf)
                0x0000000000001348                sym_Z7NJGBYWCKFTEHRYWAIDKWPEUN45273QSWUA5CY
 .text          0x0000000000001384       0x24 C:/ncs/v2.6.1/nrfxlib/softdevice_controller/lib/cortex-m4/soft-float/libsoftdevice_controller_peripheral.a(libsoftdevice_controller_s112_debug_soft__obfuscated.elf)
                0x0000000000001384                sym_TU2SMBIUC7JL6C3K2XB6727DQLBLV5LEGIMZAFQ
 .text          0x00000000000013a8       0x10 C:/ncs/v2.6.1/nrfxlib/softdevice_controller/lib/cortex-m4/soft-float/libsoftdevice_controller_peripheral.a(libsoftdevice_controller_s112_debug_soft__obfuscated.elf)
                0x00000000000013a8                sym_CIVMWIRGIOQ374UFFPIFNN4ZGKYK2FRKTT6YRYA
 .text          0x00000000000013b8       0x10 C:/ncs/v2.6.1/nrfxlib/softdevice_controller/lib/cortex-m4/soft-float/libsoftdevice_controller_peripheral.a(libsoftdevice_controller_s112_debug_soft__obfuscated.elf)
                0x00000000000013b8                sym_PPT6FEOF2T6DRALMCRRTUI7CHLEPBAN25HYV3KQ
 .text          0x00000000000013c8       0x20 C:/ncs/v2.6.1/nrfxlib/softdevice_controller/lib/cortex-m4/soft-float/libsoftdevice_controller_peripheral.a(libsoftdevice_controller_s112_debug_soft__obfuscated.elf)
                0x00000000000013c8                sym_CEENVC5DZRUT7MGF5LABXKT4NV7YUL5F6EX6TEQ
 .text          0x00000000000013e8        0xc C:/ncs/v2.6.1/nrfxlib/softdevice_controller/lib/cortex-m4/soft-float/libsoftdevice_controller_peripheral.a(libsoftdevice_controller_s112_debug_soft__obfuscated.elf)
                0x00000000000013e8                sym_G3KVRHCJDVHL7HV53526V3YI3DTK2IW2CADUWZQ
 .text          0x00000000000013f4       0x1c C:/ncs/v2.6.1/nrfxlib/softdevice_controller/lib/cortex-m4/soft-float/libsoftdevice_controller_peripheral.a(libsoftdevice_controller_s112_debug_soft__obfuscated.elf)
                0x00000000000013f4                sdc_hci_cmd_cb_reset
 .text          0x0000000000001410       0x48 C:/ncs/v2.6.1/nrfxlib/softdevice_controller/lib/cortex-m4/soft-float/libsoftdevice_controller_peripheral.a(libsoftdevice_controller_s112_debug_soft__obfuscated.elf)
 .text          0x0000000000001458       0x4c C:/ncs/v2.6.1/nrfxlib/softdevice_controller/lib/cortex-m4/soft-float/libsoftdevice_controller_peripheral.a(libsoftdevice_controller_s112_debug_soft__obfuscated.elf)
 .text          0x00000000000014a4       0x48 C:/ncs/v2.6.1/nrfxlib/softdevice_controller/lib/cortex-m4/soft-float/libsoftdevice_controller_peripheral.a(libsoftdevice_controller_s112_debug_soft__obfuscated.elf)
                0x00000000000014a4                sym_HJGZHHO77JF3TGWELSVWDOZTFCPAWAJURCFG3IY
 .text          0x00000000000014ec       0xa0 C:/ncs/v2.6.1/nrfxlib/softdevice_controller/lib/cortex-m4/soft-float/libsoftdevice_controller_peripheral.a(libsoftdevice_controller_s112_debug_soft__obfuscated.elf)
                0x00000000000014ec                sym_XU5SZFZBMUUCUDZEEMM4IFIEXSHIDIGLJZ253XA
 .text          0x000000000000158c       0xe4 C:/ncs/v2.6.1/nrfxlib/softdevice_controller/lib/cortex-m4/soft-float/libsoftdevice_controller_peripheral.a(libsoftdevice_controller_s112_debug_soft__obfuscated.elf)
                0x000000000000158c                sym_I7WU5FBNT4HUSKMI6IPMGZ2XXS2SREVHL7WVA5Q
 .text          0x0000000000001670       0x80 C:/ncs/v2.6.1/nrfxlib/softdevice_controller/lib/cortex-m4/soft-float/libsoftdevice_controller_peripheral.a(libsoftdevice_controller_s112_debug_soft__obfuscated.elf)
                0x0000000000001670                sym_EQ53CEL7EDVHMFMHMFPRRQU46C5YKKFEBAACFOA
 .text          0x00000000000016f0       0x70 C:/ncs/v2.6.1/nrfxlib/softdevice_controller/lib/cortex-m4/soft-float/libsoftdevice_controller_peripheral.a(libsoftdevice_controller_s112_debug_soft__obfuscated.elf)
                0x00000000000016f0                sym_DMJHGENWVWA7ILXIIOOHU6SYMMXUDCUFUUBACLQ
 .text          0x0000000000001760       0x80 C:/ncs/v2.6.1/nrfxlib/softdevice_controller/lib/cortex-m4/soft-float/libsoftdevice_controller_peripheral.a(libsoftdevice_controller_s112_debug_soft__obfuscated.elf)
                0x0000000000001760                sym_7JFC7IFAJQVPYCQHAIUKZ626ISM3VUWBEEXY7WI
 .text          0x00000000000017e0       0x2c C:/ncs/v2.6.1/nrfxlib/softdevice_controller/lib/cortex-m4/soft-float/libsoftdevice_controller_peripheral.a(libsoftdevice_controller_s112_debug_soft__obfuscated.elf)
                0x00000000000017e0                sym_5X75WALYYBUWN4XT5LYOZBIGSZHVNFKF5J4CSQI
 .text          0x000000000000180c       0x44 C:/ncs/v2.6.1/nrfxlib/softdevice_controller/lib/cortex-m4/soft-float/libsoftdevice_controller_peripheral.a(libsoftdevice_controller_s112_debug_soft__obfuscated.elf)
                0x000000000000180c                sym_4AWF7EXI3MMHUULTY73E756U3IY5DEXOZ265MZY
 .text          0x0000000000001850       0x40 C:/ncs/v2.6.1/nrfxlib/softdevice_controller/lib/cortex-m4/soft-float/libsoftdevice_controller_peripheral.a(libsoftdevice_controller_s112_debug_soft__obfuscated.elf)
                0x0000000000001850                sym_6I4XEOIW7LI2E3Z53L54ZHQQHYICXR4H4JQWXLA
 .text          0x0000000000001890       0x30 C:/ncs/v2.6.1/nrfxlib/softdevice_controller/lib/cortex-m4/soft-float/libsoftdevice_controller_peripheral.a(libsoftdevice_controller_s112_debug_soft__obfuscated.elf)
                0x0000000000001890                sym_6DYG6C6ROXZA67GZINNB2XIQHL3KE2RCKK4QFXA
 .text          0x00000000000018c0       0x84 C:/ncs/v2.6.1/nrfxlib/softdevice_controller/lib/cortex-m4/soft-float/libsoftdevice_controller_peripheral.a(libsoftdevice_controller_s112_debug_soft__obfuscated.elf)
                0x00000000000018c0                sym_24NU2MJKHN4R2Z7HXHMPDWTTDYSB32VL6HEQPZA
 .text          0x0000000000001944       0x28 C:/ncs/v2.6.1/nrfxlib/softdevice_controller/lib/cortex-m4/soft-float/libsoftdevice_controller_peripheral.a(libsoftdevice_controller_s112_debug_soft__obfuscated.elf)
                0x0000000000001944                sym_3QFBRH4ZSIA64QP2I3K547Y5WIALGQTCBP5Y5SQ
 .text          0x000000000000196c        0xc C:/ncs/v2.6.1/nrfxlib/softdevice_controller/lib/cortex-m4/soft-float/libsoftdevice_controller_peripheral.a(libsoftdevice_controller_s112_debug_soft__obfuscated.elf)
                0x000000000000196c                sym_NOQRMQ5IH6SQFJEPI5A3UBMITO54HG4WO4DTTXA
 .text          0x0000000000001978       0x80 C:/ncs/v2.6.1/nrfxlib/softdevice_controller/lib/cortex-m4/soft-float/libsoftdevice_controller_peripheral.a(libsoftdevice_controller_s112_debug_soft__obfuscated.elf)
                0x0000000000001978                sym_YL4RMM7WH2QQSRTLJX7L5Q2F5KYIEZ5IWMCN3UQ
 .text          0x00000000000019f8       0x58 C:/ncs/v2.6.1/nrfxlib/softdevice_controller/lib/cortex-m4/soft-float/libsoftdevice_controller_peripheral.a(libsoftdevice_controller_s112_debug_soft__obfuscated.elf)
                0x00000000000019f8                sym_47U6MZ7GC5PU2CVEGYFSZO6JE3OMJD4DVLRAUZQ
 .text          0x0000000000001a50       0xd8 C:/ncs/v2.6.1/nrfxlib/softdevice_controller/lib/cortex-m4/soft-float/libsoftdevice_controller_peripheral.a(libsoftdevice_controller_s112_debug_soft__obfuscated.elf)
                0x0000000000001a50                sym_YBUOIVJGKD57C5J4XCQFOKF4I5XT74ICLDOCNXA
 .text          0x0000000000001b28       0x5c C:/ncs/v2.6.1/nrfxlib/softdevice_controller/lib/cortex-m4/soft-float/libsoftdevice_controller_peripheral.a(libsoftdevice_controller_s112_debug_soft__obfuscated.elf)
                0x0000000000001b28                sym_E5WZNPP2DINHF6K4PHXLYLX5AXTYBQYGQESRSGQ
 .text          0x0000000000001b84       0x20 C:/ncs/v2.6.1/nrfxlib/softdevice_controller/lib/cortex-m4/soft-float/libsoftdevice_controller_peripheral.a(libsoftdevice_controller_s112_debug_soft__obfuscated.elf)
 .text          0x0000000000001ba4       0x10 C:/ncs/v2.6.1/nrfxlib/softdevice_controller/lib/cortex-m4/soft-float/libsoftdevice_controller_peripheral.a(libsoftdevice_controller_s112_debug_soft__obfuscated.elf)
 .text          0x0000000000001bb4        0xc C:/ncs/v2.6.1/nrfxlib/softdevice_controller/lib/cortex-m4/soft-float/libsoftdevice_controller_peripheral.a(libsoftdevice_controller_s112_debug_soft__obfuscated.elf)
 .text          0x0000000000001bc0       0x50 C:/ncs/v2.6.1/nrfxlib/softdevice_controller/lib/cortex-m4/soft-float/libsoftdevice_controller_peripheral.a(libsoftdevice_controller_s112_debug_soft__obfuscated.elf)
 .text          0x0000000000001c10       0x14 C:/ncs/v2.6.1/nrfxlib/softdevice_controller/lib/cortex-m4/soft-float/libsoftdevice_controller_peripheral.a(libsoftdevice_controller_s112_debug_soft__obfuscated.elf)
 .text          0x0000000000001c24       0x7c C:/ncs/v2.6.1/nrfxlib/softdevice_controller/lib/cortex-m4/soft-float/libsoftdevice_controller_peripheral.a(libsoftdevice_controller_s112_debug_soft__obfuscated.elf)
 .text          0x0000000000001ca0      0x110 C:/ncs/v2.6.1/nrfxlib/softdevice_controller/lib/cortex-m4/soft-float/libsoftdevice_controller_peripheral.a(libsoftdevice_controller_s112_debug_soft__obfuscated.elf)
 .text          0x0000000000001db0       0x2c C:/ncs/v2.6.1/nrfxlib/softdevice_controller/lib/cortex-m4/soft-float/libsoftdevice_controller_peripheral.a(libsoftdevice_controller_s112_debug_soft__obfuscated.elf)
 .text          0x0000000000001ddc       0x18 C:/ncs/v2.6.1/nrfxlib/softdevice_controller/lib/cortex-m4/soft-float/libsoftdevice_controller_peripheral.a(libsoftdevice_controller_s112_debug_soft__obfuscated.elf)
                0x0000000000001ddc                sym_DOZBRJLK4YK3UIAPC27JGEBDCH5Y2BCX3XMRURY
 .text          0x0000000000001df4       0x38 C:/ncs/v2.6.1/nrfxlib/softdevice_controller/lib/cortex-m4/soft-float/libsoftdevice_controller_peripheral.a(libsoftdevice_controller_s112_debug_soft__obfuscated.elf)
                0x0000000000001df4                sym_7TCX7VR3LQDB2G4LYUM4YUKX3ZVIO33J3JZVMKY
 .text          0x0000000000001e2c       0x10 C:/ncs/v2.6.1/nrfxlib/softdevice_controller/lib/cortex-m4/soft-float/libsoftdevice_controller_peripheral.a(libsoftdevice_controller_s112_debug_soft__obfuscated.elf)
                0x0000000000001e2c                sym_DDEKRCVCBAV6DMR2JGOTTXJPMB6OW3IK3MJRV2Q
 .text          0x0000000000001e3c      0x220 C:/ncs/v2.6.1/nrfxlib/softdevice_controller/lib/cortex-m4/soft-float/libsoftdevice_controller_peripheral.a(libsoftdevice_controller_s112_debug_soft__obfuscated.elf)
                0x0000000000001e3c                sym_EXF7QYQZRNDSXD5BXX5JHASOOMIXFF6ILEF5NVA
 .text          0x000000000000205c       0x38 C:/ncs/v2.6.1/nrfxlib/softdevice_controller/lib/cortex-m4/soft-float/libsoftdevice_controller_peripheral.a(libsoftdevice_controller_s112_debug_soft__obfuscated.elf)
                0x000000000000205c                sym_6BTYZXVNYPYTH2WUVFE5C5JVTZHQJAJ5IGD6OCA
 .text          0x0000000000002094        0xc C:/ncs/v2.6.1/nrfxlib/softdevice_controller/lib/cortex-m4/soft-float/libsoftdevice_controller_peripheral.a(libsoftdevice_controller_s112_debug_soft__obfuscated.elf)
                0x0000000000002094                sym_UAPFH34IEHUX3FGU7LNPEIJNCLAPRJP46TMN4NY
 .text          0x00000000000020a0        0xc C:/ncs/v2.6.1/nrfxlib/softdevice_controller/lib/cortex-m4/soft-float/libsoftdevice_controller_peripheral.a(libsoftdevice_controller_s112_debug_soft__obfuscated.elf)
                0x00000000000020a0                sym_R2K72KVDRFDRB7INCDL2G5SJCI6KNYCIUBETXWY
 .text          0x00000000000020ac       0x10 C:/ncs/v2.6.1/nrfxlib/softdevice_controller/lib/cortex-m4/soft-float/libsoftdevice_controller_peripheral.a(libsoftdevice_controller_s112_debug_soft__obfuscated.elf)
                0x00000000000020ac                sym_HMWMSCLS2E7KO3CEVZ6FUZGM6YUJ4GDX4JETJTI
 .text          0x00000000000020bc        0xc C:/ncs/v2.6.1/nrfxlib/softdevice_controller/lib/cortex-m4/soft-float/libsoftdevice_controller_peripheral.a(libsoftdevice_controller_s112_debug_soft__obfuscated.elf)
                0x00000000000020bc                sym_57CDLB7NR4I66F4XUEVXWWEJBBBXGSJ37LGPUXA
 .text          0x00000000000020c8       0x84 C:/ncs/v2.6.1/nrfxlib/softdevice_controller/lib/cortex-m4/soft-float/libsoftdevice_controller_peripheral.a(libsoftdevice_controller_s112_debug_soft__obfuscated.elf)
                0x00000000000020c8                sym_C4ZAWP4QAOEKUKS7VCLA6E4RPDOWCDVMBYVKPFI
 .text          0x000000000000214c      0x484 C:/ncs/v2.6.1/nrfxlib/softdevice_controller/lib/cortex-m4/soft-float/libsoftdevice_controller_peripheral.a(libsoftdevice_controller_s112_debug_soft__obfuscated.elf)
 .text          0x00000000000025d0       0x10 C:/ncs/v2.6.1/nrfxlib/softdevice_controller/lib/cortex-m4/soft-float/libsoftdevice_controller_peripheral.a(libsoftdevice_controller_s112_debug_soft__obfuscated.elf)
 .text          0x00000000000025e0       0x24 C:/ncs/v2.6.1/nrfxlib/softdevice_controller/lib/cortex-m4/soft-float/libsoftdevice_controller_peripheral.a(libsoftdevice_controller_s112_debug_soft__obfuscated.elf)
 .text          0x0000000000002604       0x68 C:/ncs/v2.6.1/nrfxlib/softdevice_controller/lib/cortex-m4/soft-float/libsoftdevice_controller_peripheral.a(libsoftdevice_controller_s112_debug_soft__obfuscated.elf)
 .text          0x000000000000266c       0x44 C:/ncs/v2.6.1/nrfxlib/softdevice_controller/lib/cortex-m4/soft-float/libsoftdevice_controller_peripheral.a(libsoftdevice_controller_s112_debug_soft__obfuscated.elf)
 .text          0x00000000000026b0       0xac C:/ncs/v2.6.1/nrfxlib/softdevice_controller/lib/cortex-m4/soft-float/libsoftdevice_controller_peripheral.a(libsoftdevice_controller_s112_debug_soft__obfuscated.elf)
 .text          0x000000000000275c      0x19c C:/ncs/v2.6.1/nrfxlib/softdevice_controller/lib/cortex-m4/soft-float/libsoftdevice_controller_peripheral.a(libsoftdevice_controller_s112_debug_soft__obfuscated.elf)
 .text          0x00000000000028f8       0x48 C:/ncs/v2.6.1/nrfxlib/softdevice_controller/lib/cortex-m4/soft-float/libsoftdevice_controller_peripheral.a(libsoftdevice_controller_s112_debug_soft__obfuscated.elf)
 .text          0x0000000000002940       0x10 C:/ncs/v2.6.1/nrfxlib/softdevice_controller/lib/cortex-m4/soft-float/libsoftdevice_controller_peripheral.a(libsoftdevice_controller_s112_debug_soft__obfuscated.elf)
 .text          0x0000000000002950       0x54 C:/ncs/v2.6.1/nrfxlib/softdevice_controller/lib/cortex-m4/soft-float/libsoftdevice_controller_peripheral.a(libsoftdevice_controller_s112_debug_soft__obfuscated.elf)
 .text          0x00000000000029a4       0x28 C:/ncs/v2.6.1/nrfxlib/softdevice_controller/lib/cortex-m4/soft-float/libsoftdevice_controller_peripheral.a(libsoftdevice_controller_s112_debug_soft__obfuscated.elf)
 .text          0x00000000000029cc      0x120 C:/ncs/v2.6.1/nrfxlib/softdevice_controller/lib/cortex-m4/soft-float/libsoftdevice_controller_peripheral.a(libsoftdevice_controller_s112_debug_soft__obfuscated.elf)
 .text          0x0000000000002aec       0xd8 C:/ncs/v2.6.1/nrfxlib/softdevice_controller/lib/cortex-m4/soft-float/libsoftdevice_controller_peripheral.a(libsoftdevice_controller_s112_debug_soft__obfuscated.elf)
 .text          0x0000000000002bc4      0x224 C:/ncs/v2.6.1/nrfxlib/softdevice_controller/lib/cortex-m4/soft-float/libsoftdevice_controller_peripheral.a(libsoftdevice_controller_s112_debug_soft__obfuscated.elf)
 .text          0x0000000000002de8       0x34 C:/ncs/v2.6.1/nrfxlib/softdevice_controller/lib/cortex-m4/soft-float/libsoftdevice_controller_peripheral.a(libsoftdevice_controller_s112_debug_soft__obfuscated.elf)
 .text          0x0000000000002e1c       0x2c C:/ncs/v2.6.1/nrfxlib/softdevice_controller/lib/cortex-m4/soft-float/libsoftdevice_controller_peripheral.a(libsoftdevice_controller_s112_debug_soft__obfuscated.elf)
                0x0000000000002e1c                sym_4WIY2RAFLOZNOS4O5BEVWEYHIO3NV42IZ2Q2NWQ
 .text          0x0000000000002e48       0x2c C:/ncs/v2.6.1/nrfxlib/softdevice_controller/lib/cortex-m4/soft-float/libsoftdevice_controller_peripheral.a(libsoftdevice_controller_s112_debug_soft__obfuscated.elf)
                0x0000000000002e48                sym_KC3JIKE7HTERE3Q3BXMRUIDPAENUZKVBIDO6ODY
 .text          0x0000000000002e74       0x10 C:/ncs/v2.6.1/nrfxlib/softdevice_controller/lib/cortex-m4/soft-float/libsoftdevice_controller_peripheral.a(libsoftdevice_controller_s112_debug_soft__obfuscated.elf)
                0x0000000000002e74                sym_BPVIPCP3IMFHHNRASYWRUQPTOXIXQGWP3DTKXWI
 .text          0x0000000000002e84       0x20 C:/ncs/v2.6.1/nrfxlib/softdevice_controller/lib/cortex-m4/soft-float/libsoftdevice_controller_peripheral.a(libsoftdevice_controller_s112_debug_soft__obfuscated.elf)
                0x0000000000002e84                sym_I72BLVRK23UDT6KM4GEW6EVDLN4L7QB2CLD4CMY
 .text          0x0000000000002ea4       0xb4 C:/ncs/v2.6.1/nrfxlib/softdevice_controller/lib/cortex-m4/soft-float/libsoftdevice_controller_peripheral.a(libsoftdevice_controller_s112_debug_soft__obfuscated.elf)
                0x0000000000002ea4                sym_JIJASGQH4XEEPZL7D35VQHVPKKLANGDBS2M46NQ
 .text          0x0000000000002f58      0x1a8 C:/ncs/v2.6.1/nrfxlib/softdevice_controller/lib/cortex-m4/soft-float/libsoftdevice_controller_peripheral.a(libsoftdevice_controller_s112_debug_soft__obfuscated.elf)
                0x0000000000002f58                sym_KBJ4SX4MJK4IAM4DI3ILSISVXIP6O72O62TW3OQ
 .text          0x0000000000003100       0x24 C:/ncs/v2.6.1/nrfxlib/softdevice_controller/lib/cortex-m4/soft-float/libsoftdevice_controller_peripheral.a(libsoftdevice_controller_s112_debug_soft__obfuscated.elf)
 .text          0x0000000000003124       0x10 C:/ncs/v2.6.1/nrfxlib/softdevice_controller/lib/cortex-m4/soft-float/libsoftdevice_controller_peripheral.a(libsoftdevice_controller_s112_debug_soft__obfuscated.elf)
                0x0000000000003124                sym_PY5KUATPBYOYJBMP6H7AVRPSEO7BZX2JK524O6A
 .text          0x0000000000003134       0x18 C:/ncs/v2.6.1/nrfxlib/softdevice_controller/lib/cortex-m4/soft-float/libsoftdevice_controller_peripheral.a(libsoftdevice_controller_s112_debug_soft__obfuscated.elf)
                0x0000000000003134                sym_ID5SI2L6AD3KMSDR72YSJZGVIA6DEYQZU7WJI3I
 .text          0x000000000000314c       0x3c C:/ncs/v2.6.1/nrfxlib/softdevice_controller/lib/cortex-m4/soft-float/libsoftdevice_controller_peripheral.a(libsoftdevice_controller_s112_debug_soft__obfuscated.elf)
                0x000000000000314c                sym_RPDYS5TXULS3Z2BQR7IFNSOINXPPN4LN764SRIY
 .text          0x0000000000003188        0x4 C:/ncs/v2.6.1/nrfxlib/softdevice_controller/lib/cortex-m4/soft-float/libsoftdevice_controller_peripheral.a(libsoftdevice_controller_s112_debug_soft__obfuscated.elf)
 .text          0x000000000000318c        0x8 C:/ncs/v2.6.1/nrfxlib/softdevice_controller/lib/cortex-m4/soft-float/libsoftdevice_controller_peripheral.a(libsoftdevice_controller_s112_debug_soft__obfuscated.elf)
 .text          0x0000000000003194        0x4 C:/ncs/v2.6.1/nrfxlib/softdevice_controller/lib/cortex-m4/soft-float/libsoftdevice_controller_peripheral.a(libsoftdevice_controller_s112_debug_soft__obfuscated.elf)
 .text          0x0000000000003198       0x18 C:/ncs/v2.6.1/nrfxlib/softdevice_controller/lib/cortex-m4/soft-float/libsoftdevice_controller_peripheral.a(libsoftdevice_controller_s112_debug_soft__obfuscated.elf)
 .text          0x00000000000031b0       0x40 C:/ncs/v2.6.1/nrfxlib/softdevice_controller/lib/cortex-m4/soft-float/libsoftdevice_controller_peripheral.a(libsoftdevice_controller_s112_debug_soft__obfuscated.elf)
                0x00000000000031b0                sym_6FVWF5AWPR7EN7BPHS4APSIUXYFZQTTZCMRDKPY
 .text          0x00000000000031f0       0x60 C:/ncs/v2.6.1/nrfxlib/softdevice_controller/lib/cortex-m4/soft-float/libsoftdevice_controller_peripheral.a(libsoftdevice_controller_s112_debug_soft__obfuscated.elf)
                0x00000000000031f0                sym_CWVFJQ3UTS5MGUYKHB563UDBBB3FBCXUIVZDU2I
 .text          0x0000000000003250       0x1c C:/ncs/v2.6.1/nrfxlib/softdevice_controller/lib/cortex-m4/soft-float/libsoftdevice_controller_peripheral.a(libsoftdevice_controller_s112_debug_soft__obfuscated.elf)
 .text          0x000000000000326c      0x4ec C:/ncs/v2.6.1/nrfxlib/softdevice_controller/lib/cortex-m4/soft-float/libsoftdevice_controller_peripheral.a(libsoftdevice_controller_s112_debug_soft__obfuscated.elf)
 .text          0x0000000000003758      0x288 C:/ncs/v2.6.1/nrfxlib/softdevice_controller/lib/cortex-m4/soft-float/libsoftdevice_controller_peripheral.a(libsoftdevice_controller_s112_debug_soft__obfuscated.elf)
 .text          0x00000000000039e0      0x144 C:/ncs/v2.6.1/nrfxlib/softdevice_controller/lib/cortex-m4/soft-float/libsoftdevice_controller_peripheral.a(libsoftdevice_controller_s112_debug_soft__obfuscated.elf)
                0x00000000000039e0                sym_U3OFHSWAAHECAZEDHWSQTU63SOSYAQR6QI45AFY
 .text          0x0000000000003b24       0x8c C:/ncs/v2.6.1/nrfxlib/softdevice_controller/lib/cortex-m4/soft-float/libsoftdevice_controller_peripheral.a(libsoftdevice_controller_s112_debug_soft__obfuscated.elf)
                0x0000000000003b24                sym_3LXCSEW4O4NZFGMXLMWXSJJVGEQV4VDRFCVRV4Q
 .text          0x0000000000003bb0       0x1c C:/ncs/v2.6.1/nrfxlib/softdevice_controller/lib/cortex-m4/soft-float/libsoftdevice_controller_peripheral.a(libsoftdevice_controller_s112_debug_soft__obfuscated.elf)
                0x0000000000003bb0                sym_4O3EP57XWWWRY57PVJMDKXNE25ZWFBDV6LLBFQQ
 .text          0x0000000000003bcc        0xc C:/ncs/v2.6.1/nrfxlib/softdevice_controller/lib/cortex-m4/soft-float/libsoftdevice_controller_peripheral.a(libsoftdevice_controller_s112_debug_soft__obfuscated.elf)
                0x0000000000003bcc                sym_O6J3MUC4KJEDMNJLCC5Z3G5LTC5IHVL4PW7F6QI
 .text          0x0000000000003bd8       0x1c C:/ncs/v2.6.1/nrfxlib/softdevice_controller/lib/cortex-m4/soft-float/libsoftdevice_controller_peripheral.a(libsoftdevice_controller_s112_debug_soft__obfuscated.elf)
                0x0000000000003bd8                sym_FQCHK2QLF7THGK7G4A4OWWNXI3K2TVYTTB4U4GY
 .text          0x0000000000003bf4      0x15c C:/ncs/v2.6.1/nrfxlib/softdevice_controller/lib/cortex-m4/soft-float/libsoftdevice_controller_peripheral.a(libsoftdevice_controller_s112_debug_soft__obfuscated.elf)
                0x0000000000003bf4                sym_EXAZKO22MNOFNIXIFHQ2Z4GAYMKBCE2UPJ6JSVI
 .text          0x0000000000003d50       0x80 C:/ncs/v2.6.1/nrfxlib/softdevice_controller/lib/cortex-m4/soft-float/libsoftdevice_controller_peripheral.a(libsoftdevice_controller_s112_debug_soft__obfuscated.elf)
                0x0000000000003d50                sym_XVWN3IZ65SG2YZAV5STIEBPJ2RGWTP2JZ3UEJLQ
 .text          0x0000000000003dd0        0xc C:/ncs/v2.6.1/nrfxlib/softdevice_controller/lib/cortex-m4/soft-float/libsoftdevice_controller_peripheral.a(libsoftdevice_controller_s112_debug_soft__obfuscated.elf)
                0x0000000000003dd0                sym_YZMCMF2VDK5EZ5GH5K4G77V4XY7KHBJNPGELPVQ
 .text          0x0000000000003ddc       0x60 C:/ncs/v2.6.1/nrfxlib/softdevice_controller/lib/cortex-m4/soft-float/libsoftdevice_controller_peripheral.a(libsoftdevice_controller_s112_debug_soft__obfuscated.elf)
                0x0000000000003ddc                sym_HRCF6LWSDWPWEZA7S5YQFCNRDXXCJA6WGOZECRY
 .text          0x0000000000003e3c       0x34 C:/ncs/v2.6.1/nrfxlib/softdevice_controller/lib/cortex-m4/soft-float/libsoftdevice_controller_peripheral.a(libsoftdevice_controller_s112_debug_soft__obfuscated.elf)
 .text          0x0000000000003e70       0xc8 C:/ncs/v2.6.1/nrfxlib/softdevice_controller/lib/cortex-m4/soft-float/libsoftdevice_controller_peripheral.a(libsoftdevice_controller_s112_debug_soft__obfuscated.elf)
                0x0000000000003e70                sym_7OWCT6RQNC7NMJTETN4SHKZQ2DXHZYW5I4QMKDQ
 .text          0x0000000000003f38       0x4c C:/ncs/v2.6.1/nrfxlib/softdevice_controller/lib/cortex-m4/soft-float/libsoftdevice_controller_peripheral.a(libsoftdevice_controller_s112_debug_soft__obfuscated.elf)
                0x0000000000003f38                sym_RGKYP5TXYS27EGT6ZHZS5EDDAZK5QGTWLBOBJEA
 .text          0x0000000000003f84       0x18 C:/ncs/v2.6.1/nrfxlib/softdevice_controller/lib/cortex-m4/soft-float/libsoftdevice_controller_peripheral.a(libsoftdevice_controller_s112_debug_soft__obfuscated.elf)
                0x0000000000003f84                sym_5EMU3BEOS6JCQEXTZ5M5LP72YGJNCV3W3R43AOI
 .text          0x0000000000003f9c       0xdc C:/ncs/v2.6.1/nrfxlib/softdevice_controller/lib/cortex-m4/soft-float/libsoftdevice_controller_peripheral.a(libsoftdevice_controller_s112_debug_soft__obfuscated.elf)
                0x0000000000003f9c                sym_DVO2EX3JGPIV6FVT5SJBVRKA5UGS2QSHNQOVQ2A
 .text          0x0000000000004078      0x100 C:/ncs/v2.6.1/nrfxlib/softdevice_controller/lib/cortex-m4/soft-float/libsoftdevice_controller_peripheral.a(libsoftdevice_controller_s112_debug_soft__obfuscated.elf)
 .text          0x0000000000004178       0x14 C:/ncs/v2.6.1/nrfxlib/softdevice_controller/lib/cortex-m4/soft-float/libsoftdevice_controller_peripheral.a(libsoftdevice_controller_s112_debug_soft__obfuscated.elf)
                0x0000000000004178                sym_Y5RIWFUVP4FHJFYC7FBZKM2MV7INK43TLWQ5URA
 .text          0x000000000000418c       0x68 C:/ncs/v2.6.1/nrfxlib/softdevice_controller/lib/cortex-m4/soft-float/libsoftdevice_controller_peripheral.a(libsoftdevice_controller_s112_debug_soft__obfuscated.elf)
                0x000000000000418c                sym_CY3FVUNSUUR4I46K644NW3FXSFSLG3ETQWBRBHQ
 .text          0x00000000000041f4       0x30 C:/ncs/v2.6.1/nrfxlib/softdevice_controller/lib/cortex-m4/soft-float/libsoftdevice_controller_peripheral.a(libsoftdevice_controller_s112_debug_soft__obfuscated.elf)
                0x00000000000041f4                sym_JYVNTINWWHBNIBW6ZPFJYFKZBQTI25EUE75U36Y
 .text          0x0000000000004224       0x14 C:/ncs/v2.6.1/nrfxlib/softdevice_controller/lib/cortex-m4/soft-float/libsoftdevice_controller_peripheral.a(libsoftdevice_controller_s112_debug_soft__obfuscated.elf)
                0x0000000000004224                sym_THL6EKGE7AKTO5JDGU45MV33YSIXORBRMDECS2Q
 .text          0x0000000000004238       0x5c C:/ncs/v2.6.1/nrfxlib/softdevice_controller/lib/cortex-m4/soft-float/libsoftdevice_controller_peripheral.a(libsoftdevice_controller_s112_debug_soft__obfuscated.elf)
                0x0000000000004238                sym_4POEZKL66A5T3356722OWKNB5CNFKPMV6JI3HEA
 .text          0x0000000000004294       0x68 C:/ncs/v2.6.1/nrfxlib/softdevice_controller/lib/cortex-m4/soft-float/libsoftdevice_controller_peripheral.a(libsoftdevice_controller_s112_debug_soft__obfuscated.elf)
                0x0000000000004294                sym_IP3LLUNJTDBIIPB3UG65MJFJZABGVNT2GN3EQPY
 .text          0x00000000000042fc      0x190 C:/ncs/v2.6.1/nrfxlib/softdevice_controller/lib/cortex-m4/soft-float/libsoftdevice_controller_peripheral.a(libsoftdevice_controller_s112_debug_soft__obfuscated.elf)
                0x00000000000042fc                sym_A32XXMQ5QRPQRH3R656RZXETZB6Y54SG45FSCYI
 .text          0x000000000000448c       0xc8 C:/ncs/v2.6.1/nrfxlib/softdevice_controller/lib/cortex-m4/soft-float/libsoftdevice_controller_peripheral.a(libsoftdevice_controller_s112_debug_soft__obfuscated.elf)
                0x000000000000448c                sym_CC522QK4M5MTSPVPJNGJXKYD5O54FC2LFC3D3QI
 .text          0x0000000000004554       0x2c C:/ncs/v2.6.1/nrfxlib/softdevice_controller/lib/cortex-m4/soft-float/libsoftdevice_controller_peripheral.a(libsoftdevice_controller_s112_debug_soft__obfuscated.elf)
                0x0000000000004554                sym_XQWU4MX22DPQIRRYTXBNWTH2DBYK7MH33FME7FI
 .text          0x0000000000004580       0x10 C:/ncs/v2.6.1/nrfxlib/softdevice_controller/lib/cortex-m4/soft-float/libsoftdevice_controller_peripheral.a(libsoftdevice_controller_s112_debug_soft__obfuscated.elf)
                0x0000000000004580                sym_DVVOECRRYK6EAGDREB2UKKQZT5MAOOUK66XNPTA
 .text          0x0000000000004590       0x18 C:/ncs/v2.6.1/nrfxlib/softdevice_controller/lib/cortex-m4/soft-float/libsoftdevice_controller_peripheral.a(libsoftdevice_controller_s112_debug_soft__obfuscated.elf)
                0x0000000000004590                sym_CTIZP4PFSP4VPO64SY4WNQXXAO6AQ4FBRX2MZ2Y
 .text          0x00000000000045a8       0x1c C:/ncs/v2.6.1/nrfxlib/softdevice_controller/lib/cortex-m4/soft-float/libsoftdevice_controller_peripheral.a(libsoftdevice_controller_s112_debug_soft__obfuscated.elf)
                0x00000000000045a8                sym_PT2LT65JTEWXEGBFKFJG6BCMFVOJAD3UAGCYAUI
 .text          0x00000000000045c4       0x18 C:/ncs/v2.6.1/nrfxlib/softdevice_controller/lib/cortex-m4/soft-float/libsoftdevice_controller_peripheral.a(libsoftdevice_controller_s112_debug_soft__obfuscated.elf)
 .text          0x00000000000045dc       0x34 C:/ncs/v2.6.1/nrfxlib/softdevice_controller/lib/cortex-m4/soft-float/libsoftdevice_controller_peripheral.a(libsoftdevice_controller_s112_debug_soft__obfuscated.elf)
 .text          0x0000000000004610       0x28 C:/ncs/v2.6.1/nrfxlib/softdevice_controller/lib/cortex-m4/soft-float/libsoftdevice_controller_peripheral.a(libsoftdevice_controller_s112_debug_soft__obfuscated.elf)
                0x0000000000004610                sym_EANB2LFFCPDZUHTPF7SNNYVWVGG3AE7JVOONSTY
 .text          0x0000000000004638       0x38 C:/ncs/v2.6.1/nrfxlib/softdevice_controller/lib/cortex-m4/soft-float/libsoftdevice_controller_peripheral.a(libsoftdevice_controller_s112_debug_soft__obfuscated.elf)
                0x0000000000004638                sym_BFBDHRTPYGNRMJSAT7WCAPOXBGIVSWF4E5GFHOA
 .text          0x0000000000004670        0xc C:/ncs/v2.6.1/nrfxlib/softdevice_controller/lib/cortex-m4/soft-float/libsoftdevice_controller_peripheral.a(libsoftdevice_controller_s112_debug_soft__obfuscated.elf)
                0x0000000000004670                sym_PRWTRTI5GPQHIT26MFBSSOCWTUYYRLQLJWD2ZOI
 .text          0x000000000000467c       0x24 C:/ncs/v2.6.1/nrfxlib/softdevice_controller/lib/cortex-m4/soft-float/libsoftdevice_controller_peripheral.a(libsoftdevice_controller_s112_debug_soft__obfuscated.elf)
                0x000000000000467c                sym_G4TIIR7KO3GHFF45HCHTIL3RIPRK2LVDQADUYJQ
 .text          0x00000000000046a0        0xc C:/ncs/v2.6.1/nrfxlib/softdevice_controller/lib/cortex-m4/soft-float/libsoftdevice_controller_peripheral.a(libsoftdevice_controller_s112_debug_soft__obfuscated.elf)
                0x00000000000046a0                sym_HG37ZAHWDO2P65KBJXRLV5PVSG5TCUWPMKZOZLQ
 .text          0x00000000000046ac       0x24 C:/ncs/v2.6.1/nrfxlib/softdevice_controller/lib/cortex-m4/soft-float/libsoftdevice_controller_peripheral.a(libsoftdevice_controller_s112_debug_soft__obfuscated.elf)
                0x00000000000046ac                sym_4W26TPGCKOCVVRKXQDBKGXGC2Y5LMZXNKS2QITA
 .text          0x00000000000046d0       0x1c C:/ncs/v2.6.1/nrfxlib/softdevice_controller/lib/cortex-m4/soft-float/libsoftdevice_controller_peripheral.a(libsoftdevice_controller_s112_debug_soft__obfuscated.elf)
                0x00000000000046d0                sym_N6TOG3AODPPFNS6LXFKKIADNGIMUMBS5BXPEFOY
 .text          0x00000000000046ec        0xc C:/ncs/v2.6.1/nrfxlib/softdevice_controller/lib/cortex-m4/soft-float/libsoftdevice_controller_peripheral.a(libsoftdevice_controller_s112_debug_soft__obfuscated.elf)
                0x00000000000046ec                sym_PBZPB3PSJJYSQQW7TH2XDGNLD2UYSZR6YJ4ZZNQ
 .text          0x00000000000046f8       0x14 C:/ncs/v2.6.1/nrfxlib/softdevice_controller/lib/cortex-m4/soft-float/libsoftdevice_controller_peripheral.a(libsoftdevice_controller_s112_debug_soft__obfuscated.elf)
                0x00000000000046f8                sym_HA7EOSELAQYVMG5UXMJGQLLFEIRQPB7MNOSYOXQ
 .text          0x000000000000470c       0x30 C:/ncs/v2.6.1/nrfxlib/softdevice_controller/lib/cortex-m4/soft-float/libsoftdevice_controller_peripheral.a(libsoftdevice_controller_s112_debug_soft__obfuscated.elf)
                0x000000000000470c                sym_MJMICEV3AHUJUDNI6JLXYNXCJNL4PTPUQLXISYA
 .text          0x000000000000473c       0x50 C:/ncs/v2.6.1/nrfxlib/softdevice_controller/lib/cortex-m4/soft-float/libsoftdevice_controller_peripheral.a(libsoftdevice_controller_s112_debug_soft__obfuscated.elf)
                0x000000000000473c                sym_GECJUMXC7GX4QNB2JHCJHLFH72UPMJZW6VAQVRA
 .text          0x000000000000478c       0x28 C:/ncs/v2.6.1/nrfxlib/softdevice_controller/lib/cortex-m4/soft-float/libsoftdevice_controller_peripheral.a(libsoftdevice_controller_s112_debug_soft__obfuscated.elf)
                0x000000000000478c                sym_BOFYMMO2XEUTXLE26SHEVVPNVILC4XKISLRYGBI
 .text          0x00000000000047b4      0x1ec C:/ncs/v2.6.1/nrfxlib/softdevice_controller/lib/cortex-m4/soft-float/libsoftdevice_controller_peripheral.a(libsoftdevice_controller_s112_debug_soft__obfuscated.elf)
                0x00000000000047b4                sym_5AGU3LRCMVBHIA54A3ONXYPBDIAMDNM2I6LE6DA
 .text          0x00000000000049a0       0x18 C:/ncs/v2.6.1/nrfxlib/softdevice_controller/lib/cortex-m4/soft-float/libsoftdevice_controller_peripheral.a(libsoftdevice_controller_s112_debug_soft__obfuscated.elf)
                0x00000000000049a0                sym_MJCF2WRL4I323V23HKVENOJWV5IXH54R5X6LJRY
 .text          0x00000000000049b8       0x1c C:/ncs/v2.6.1/nrfxlib/softdevice_controller/lib/cortex-m4/soft-float/libsoftdevice_controller_peripheral.a(libsoftdevice_controller_s112_debug_soft__obfuscated.elf)
                0x00000000000049b8                sym_REO6MG4FRJTNQQ56RDJDYGEWFEO5TFVYGRW6OLI
 .text          0x00000000000049d4        0xc C:/ncs/v2.6.1/nrfxlib/softdevice_controller/lib/cortex-m4/soft-float/libsoftdevice_controller_peripheral.a(libsoftdevice_controller_s112_debug_soft__obfuscated.elf)
                0x00000000000049d4                sym_NKFCLZ5HTE6KVHDV5DGZ6TJP4KSZI43SYBECPRY
 .text          0x00000000000049e0       0x2c C:/ncs/v2.6.1/nrfxlib/softdevice_controller/lib/cortex-m4/soft-float/libsoftdevice_controller_peripheral.a(libsoftdevice_controller_s112_debug_soft__obfuscated.elf)
                0x00000000000049e0                sym_65LA7GM3MU7DDFQKTB75BYTZMPMROSWKS3VXCNI
 .text          0x0000000000004a0c       0x20 C:/ncs/v2.6.1/nrfxlib/softdevice_controller/lib/cortex-m4/soft-float/libsoftdevice_controller_peripheral.a(libsoftdevice_controller_s112_debug_soft__obfuscated.elf)
                0x0000000000004a0c                sym_AGWGY6I3YKHHV6TMAWL24HN4IKGOB7PZYXPWBRA
 .text          0x0000000000004a2c        0xc C:/ncs/v2.6.1/nrfxlib/softdevice_controller/lib/cortex-m4/soft-float/libsoftdevice_controller_peripheral.a(libsoftdevice_controller_s112_debug_soft__obfuscated.elf)
                0x0000000000004a2c                sym_IXGTNRGKILIZPWG2NJIZ2ALUPW2IM3XFVCGJW2I
 .text          0x0000000000004a38       0x20 C:/ncs/v2.6.1/nrfxlib/softdevice_controller/lib/cortex-m4/soft-float/libsoftdevice_controller_peripheral.a(libsoftdevice_controller_s112_debug_soft__obfuscated.elf)
                0x0000000000004a38                sym_JHXS4T25BAYOMDDZMWPX3HMPENRV73GSV2RYHAI
 .text          0x0000000000004a58       0x2c C:/ncs/v2.6.1/nrfxlib/softdevice_controller/lib/cortex-m4/soft-float/libsoftdevice_controller_peripheral.a(libsoftdevice_controller_s112_debug_soft__obfuscated.elf)
                0x0000000000004a58                sym_54CHYGRI3UHSVLN5ZOGJESXNRISJW5CS4IYBN7Y
 .text          0x0000000000004a84       0x1c C:/ncs/v2.6.1/nrfxlib/softdevice_controller/lib/cortex-m4/soft-float/libsoftdevice_controller_peripheral.a(libsoftdevice_controller_s112_debug_soft__obfuscated.elf)
                0x0000000000004a84                sym_V7MOOXL5SOLISKFFGWJC7M3XDITU574WBQOXGWY
 .text          0x0000000000004aa0       0x30 C:/ncs/v2.6.1/nrfxlib/softdevice_controller/lib/cortex-m4/soft-float/libsoftdevice_controller_peripheral.a(libsoftdevice_controller_s112_debug_soft__obfuscated.elf)
                0x0000000000004aa0                sym_QKSVBALUN2V4XT4OCC56LE75IAYLDFRRIVLBZ2Q
 .text          0x0000000000004ad0       0x30 C:/ncs/v2.6.1/nrfxlib/softdevice_controller/lib/cortex-m4/soft-float/libsoftdevice_controller_peripheral.a(libsoftdevice_controller_s112_debug_soft__obfuscated.elf)
                0x0000000000004ad0                sym_WCOWXKSKBH7DOKKKINFZAPWXKW4NYAUCJWTUKBI
 .text          0x0000000000004b00       0x1c C:/ncs/v2.6.1/nrfxlib/softdevice_controller/lib/cortex-m4/soft-float/libsoftdevice_controller_peripheral.a(libsoftdevice_controller_s112_debug_soft__obfuscated.elf)
                0x0000000000004b00                sym_AO3U45UEGFLUPMT565ZR5UWUQUONF5AKILLCT3A
 .text          0x0000000000004b1c       0x70 C:/ncs/v2.6.1/nrfxlib/softdevice_controller/lib/cortex-m4/soft-float/libsoftdevice_controller_peripheral.a(libsoftdevice_controller_s112_debug_soft__obfuscated.elf)
 .text          0x0000000000004b8c       0x2c C:/ncs/v2.6.1/nrfxlib/softdevice_controller/lib/cortex-m4/soft-float/libsoftdevice_controller_peripheral.a(libsoftdevice_controller_s112_debug_soft__obfuscated.elf)
 .text          0x0000000000004bb8       0x9c C:/ncs/v2.6.1/nrfxlib/softdevice_controller/lib/cortex-m4/soft-float/libsoftdevice_controller_peripheral.a(libsoftdevice_controller_s112_debug_soft__obfuscated.elf)
 .text          0x0000000000004c54       0xd0 C:/ncs/v2.6.1/nrfxlib/softdevice_controller/lib/cortex-m4/soft-float/libsoftdevice_controller_peripheral.a(libsoftdevice_controller_s112_debug_soft__obfuscated.elf)
 .text          0x0000000000004d24       0x18 C:/ncs/v2.6.1/nrfxlib/softdevice_controller/lib/cortex-m4/soft-float/libsoftdevice_controller_peripheral.a(libsoftdevice_controller_s112_debug_soft__obfuscated.elf)
                0x0000000000004d24                sym_BEUFSWAQKCWS5CDGVZRIC3BRKSTHGOKRJJDB32I
 .text          0x0000000000004d3c       0x18 C:/ncs/v2.6.1/nrfxlib/softdevice_controller/lib/cortex-m4/soft-float/libsoftdevice_controller_peripheral.a(libsoftdevice_controller_s112_debug_soft__obfuscated.elf)
                0x0000000000004d3c                sym_BAUTABQSJLBAZ6GNH7KOF4MJMAA6NF7CDAZNOEQ
 .text          0x0000000000004d54       0x24 C:/ncs/v2.6.1/nrfxlib/softdevice_controller/lib/cortex-m4/soft-float/libsoftdevice_controller_peripheral.a(libsoftdevice_controller_s112_debug_soft__obfuscated.elf)
                0x0000000000004d54                sym_62DUXM4M5AM4URNPP7IKDX3NCPAODBT4BMADGAY
 .text          0x0000000000004d78        0xc C:/ncs/v2.6.1/nrfxlib/softdevice_controller/lib/cortex-m4/soft-float/libsoftdevice_controller_peripheral.a(libsoftdevice_controller_s112_debug_soft__obfuscated.elf)
                0x0000000000004d78                sym_JQOBED6Y6P46KNYF2UD53QPDVNRPPOKMQL6EEBY
 .text          0x0000000000004d84        0xc C:/ncs/v2.6.1/nrfxlib/softdevice_controller/lib/cortex-m4/soft-float/libsoftdevice_controller_peripheral.a(libsoftdevice_controller_s112_debug_soft__obfuscated.elf)
                0x0000000000004d84                sym_RHRHCWPUPZHCOID576WBS7QZ2KAUT2GASS2T3QY
 .text          0x0000000000004d90       0x3c C:/ncs/v2.6.1/nrfxlib/softdevice_controller/lib/cortex-m4/soft-float/libsoftdevice_controller_peripheral.a(libsoftdevice_controller_s112_debug_soft__obfuscated.elf)
                0x0000000000004d90                sym_YAOI5BW7G2C6EUUY2B4S7A3CWX63A6MP2T3O5KA
 .text          0x0000000000004dcc       0x24 C:/ncs/v2.6.1/nrfxlib/softdevice_controller/lib/cortex-m4/soft-float/libsoftdevice_controller_peripheral.a(libsoftdevice_controller_s112_debug_soft__obfuscated.elf)
                0x0000000000004dcc                sym_2X6ZBBHQKFJV27I6OQZLD4IRAL5JANEGA5N34WA
 .text          0x0000000000004df0       0xc8 C:/ncs/v2.6.1/nrfxlib/softdevice_controller/lib/cortex-m4/soft-float/libsoftdevice_controller_peripheral.a(libsoftdevice_controller_s112_debug_soft__obfuscated.elf)
                0x0000000000004df0                sym_ZBPJ22BXDBC3S7A4QI6WOFWFQMYIGT2P4GNU3XA
 .text          0x0000000000004eb8       0x24 C:/ncs/v2.6.1/nrfxlib/softdevice_controller/lib/cortex-m4/soft-float/libsoftdevice_controller_peripheral.a(libsoftdevice_controller_s112_debug_soft__obfuscated.elf)
                0x0000000000004eb8                sym_DHR6XELGSD2MHYS7JWGEPSKXD43VLKKJDN33HMA
 .text          0x0000000000004edc       0x20 C:/ncs/v2.6.1/nrfxlib/softdevice_controller/lib/cortex-m4/soft-float/libsoftdevice_controller_peripheral.a(libsoftdevice_controller_s112_debug_soft__obfuscated.elf)
                0x0000000000004edc                sym_QEQGMTIGG3AOZQY7JM4T2FY2O3KM2UFUMT6Q7PI
 .text          0x0000000000004efc       0x54 C:/ncs/v2.6.1/nrfxlib/softdevice_controller/lib/cortex-m4/soft-float/libsoftdevice_controller_peripheral.a(libsoftdevice_controller_s112_debug_soft__obfuscated.elf)
 .text          0x0000000000004f50       0xc8 C:/ncs/v2.6.1/nrfxlib/softdevice_controller/lib/cortex-m4/soft-float/libsoftdevice_controller_peripheral.a(libsoftdevice_controller_s112_debug_soft__obfuscated.elf)
                0x0000000000004f50                sym_4NT3PFFI5Z6RN57T2HW54HJZ23JEQUTUQPJLJGI
 .text          0x0000000000005018       0x24 C:/ncs/v2.6.1/nrfxlib/softdevice_controller/lib/cortex-m4/soft-float/libsoftdevice_controller_peripheral.a(libsoftdevice_controller_s112_debug_soft__obfuscated.elf)
                0x0000000000005018                sym_MYZDSWHZMVTUGPWK7CFFVMNCPRPZBKC3UH2GTLQ
 .text          0x000000000000503c       0x44 C:/ncs/v2.6.1/nrfxlib/softdevice_controller/lib/cortex-m4/soft-float/libsoftdevice_controller_peripheral.a(libsoftdevice_controller_s112_debug_soft__obfuscated.elf)
                0x000000000000503c                sym_ZIE6EQ2YDF5ZLLLNRMU6NPOFHB7VMBHYMI4646I
 .text          0x0000000000005080       0x10 C:/ncs/v2.6.1/nrfxlib/softdevice_controller/lib/cortex-m4/soft-float/libsoftdevice_controller_peripheral.a(libsoftdevice_controller_s112_debug_soft__obfuscated.elf)
                0x0000000000005080                sym_JANNQMW3JZGYLNSOPAA2HBYBA6JBSX4W7VBR56Q
 .text          0x0000000000005090       0x20 C:/ncs/v2.6.1/nrfxlib/softdevice_controller/lib/cortex-m4/soft-float/libsoftdevice_controller_peripheral.a(libsoftdevice_controller_s112_debug_soft__obfuscated.elf)
                0x0000000000005090                sym_MAOKHHVPGVT23KVRN33B7KPEJU6F55EB66KOGDQ
 .text          0x00000000000050b0       0x20 C:/ncs/v2.6.1/nrfxlib/softdevice_controller/lib/cortex-m4/soft-float/libsoftdevice_controller_peripheral.a(libsoftdevice_controller_s112_debug_soft__obfuscated.elf)
                0x00000000000050b0                sym_S635TH4ZNECIWRKFWYBUXBZ3GFP7WORE4PRXDPQ
 .text          0x00000000000050d0       0x28 C:/ncs/v2.6.1/nrfxlib/softdevice_controller/lib/cortex-m4/soft-float/libsoftdevice_controller_peripheral.a(libsoftdevice_controller_s112_debug_soft__obfuscated.elf)
                0x00000000000050d0                sym_TP55RLOURTPNDYOY752QBNWCGKAGCOF4JK2H3IA
 .text          0x00000000000050f8       0x24 C:/ncs/v2.6.1/nrfxlib/softdevice_controller/lib/cortex-m4/soft-float/libsoftdevice_controller_peripheral.a(libsoftdevice_controller_s112_debug_soft__obfuscated.elf)
                0x00000000000050f8                sym_3S3ZPZTS3JKT3LR3P6QZ3KOW4P72YQZEIQOYGSA
 .text          0x000000000000511c       0x28 C:/ncs/v2.6.1/nrfxlib/softdevice_controller/lib/cortex-m4/soft-float/libsoftdevice_controller_peripheral.a(libsoftdevice_controller_s112_debug_soft__obfuscated.elf)
                0x000000000000511c                sym_U3LPDM4ZN7F4EBRA6GBYBEUAHXDWZU7U4P3OZRQ
 .text          0x0000000000005144       0xa4 C:/ncs/v2.6.1/nrfxlib/softdevice_controller/lib/cortex-m4/soft-float/libsoftdevice_controller_peripheral.a(libsoftdevice_controller_s112_debug_soft__obfuscated.elf)
 .text          0x00000000000051e8       0x10 C:/ncs/v2.6.1/nrfxlib/softdevice_controller/lib/cortex-m4/soft-float/libsoftdevice_controller_peripheral.a(libsoftdevice_controller_s112_debug_soft__obfuscated.elf)
                0x00000000000051e8                sym_N2NJCIBZFHVP7II7LSOD6U4WPOYSC3U3IRJ6NLY
 .text          0x00000000000051f8       0x14 C:/ncs/v2.6.1/nrfxlib/softdevice_controller/lib/cortex-m4/soft-float/libsoftdevice_controller_peripheral.a(libsoftdevice_controller_s112_debug_soft__obfuscated.elf)
                0x00000000000051f8                sym_56NG23UACCBJRJHKQI4X4VNMARWQXHUE4R3NK7I
 .text          0x000000000000520c       0x2c C:/ncs/v2.6.1/nrfxlib/softdevice_controller/lib/cortex-m4/soft-float/libsoftdevice_controller_peripheral.a(libsoftdevice_controller_s112_debug_soft__obfuscated.elf)
 .text          0x0000000000005238       0xc0 C:/ncs/v2.6.1/nrfxlib/softdevice_controller/lib/cortex-m4/soft-float/libsoftdevice_controller_peripheral.a(libsoftdevice_controller_s112_debug_soft__obfuscated.elf)
 .text          0x00000000000052f8       0x44 C:/ncs/v2.6.1/nrfxlib/softdevice_controller/lib/cortex-m4/soft-float/libsoftdevice_controller_peripheral.a(libsoftdevice_controller_s112_debug_soft__obfuscated.elf)
 .text          0x000000000000533c       0x10 C:/ncs/v2.6.1/nrfxlib/softdevice_controller/lib/cortex-m4/soft-float/libsoftdevice_controller_peripheral.a(libsoftdevice_controller_s112_debug_soft__obfuscated.elf)
                0x000000000000533c                sym_VKBDHCW5KWYFAEZJJBKQNHH4JDURIHHEJCK4SOA
 .text          0x000000000000534c       0x10 C:/ncs/v2.6.1/nrfxlib/softdevice_controller/lib/cortex-m4/soft-float/libsoftdevice_controller_peripheral.a(libsoftdevice_controller_s112_debug_soft__obfuscated.elf)
                0x000000000000534c                sym_FHMOSTDS4FAIPN4GDRMMMBPMBOTEQ5DLCM2A23Q
 .text          0x000000000000535c      0x154 C:/ncs/v2.6.1/nrfxlib/softdevice_controller/lib/cortex-m4/soft-float/libsoftdevice_controller_peripheral.a(libsoftdevice_controller_s112_debug_soft__obfuscated.elf)
                0x000000000000535c                sym_XOOTGCSEAKA3PUKZW3QYB4DCVC2FKUP2TS5AZ5Q
 .text          0x00000000000054b0       0x1c C:/ncs/v2.6.1/nrfxlib/softdevice_controller/lib/cortex-m4/soft-float/libsoftdevice_controller_peripheral.a(libsoftdevice_controller_s112_debug_soft__obfuscated.elf)
                0x00000000000054b0                sym_HHT5YV37VWRBGUMO4AOJUKOJARZKAH2OUWPZF7Q
 .text          0x00000000000054cc       0x2c C:/ncs/v2.6.1/nrfxlib/softdevice_controller/lib/cortex-m4/soft-float/libsoftdevice_controller_peripheral.a(libsoftdevice_controller_s112_debug_soft__obfuscated.elf)
                0x00000000000054cc                sym_43VAZS4NQXUMOPHD7W7SYFZ3WJ6KGQYQH6UOYPQ
 .text          0x00000000000054f8       0xbc C:/ncs/v2.6.1/nrfxlib/softdevice_controller/lib/cortex-m4/soft-float/libsoftdevice_controller_peripheral.a(libsoftdevice_controller_s112_debug_soft__obfuscated.elf)
                0x00000000000054f8                sym_IPYDOGNKVSD5CNASNRZPFKSG4XKU4ZG4SVERI7Q
 .text          0x00000000000055b4       0x28 C:/ncs/v2.6.1/nrfxlib/softdevice_controller/lib/cortex-m4/soft-float/libsoftdevice_controller_peripheral.a(libsoftdevice_controller_s112_debug_soft__obfuscated.elf)
                0x00000000000055b4                sym_FKGRLSJGPWDG44KYHTBA74A2ZDKPDUWGXHS3E2I
 .text          0x00000000000055dc       0x30 C:/ncs/v2.6.1/nrfxlib/softdevice_controller/lib/cortex-m4/soft-float/libsoftdevice_controller_peripheral.a(libsoftdevice_controller_s112_debug_soft__obfuscated.elf)
                0x00000000000055dc                sym_K5GMJMBHBYPRCUIWKNEXGPSNQEZKEMBAP4JWHBQ
 .text          0x000000000000560c       0x30 C:/ncs/v2.6.1/nrfxlib/softdevice_controller/lib/cortex-m4/soft-float/libsoftdevice_controller_peripheral.a(libsoftdevice_controller_s112_debug_soft__obfuscated.elf)
                0x000000000000560c                sym_7LZ5OF5UTH4WGXV6IKS6GUUHKYRIWQTTIJXNBEY
 .text          0x000000000000563c       0x30 C:/ncs/v2.6.1/nrfxlib/softdevice_controller/lib/cortex-m4/soft-float/libsoftdevice_controller_peripheral.a(libsoftdevice_controller_s112_debug_soft__obfuscated.elf)
                0x000000000000563c                sym_77ICNIHY2R2L3JRP4ZLMOWZSS3UZRKJXJOBWTWI
 .text          0x000000000000566c       0x6c C:/ncs/v2.6.1/nrfxlib/softdevice_controller/lib/cortex-m4/soft-float/libsoftdevice_controller_peripheral.a(libsoftdevice_controller_s112_debug_soft__obfuscated.elf)
                0x000000000000566c                sym_3HFGOGWGYXFHJIBOXGRWIYF7UUUTYOUBOUWNVBQ
 .text          0x00000000000056d8       0xb8 C:/ncs/v2.6.1/nrfxlib/softdevice_controller/lib/cortex-m4/soft-float/libsoftdevice_controller_peripheral.a(libsoftdevice_controller_s112_debug_soft__obfuscated.elf)
                0x00000000000056d8                sym_R6DW7P5722C5WP5B4RKPYMZATZ5BMBDRUM6NNYQ
 .text          0x0000000000005790       0x38 C:/ncs/v2.6.1/nrfxlib/softdevice_controller/lib/cortex-m4/soft-float/libsoftdevice_controller_peripheral.a(libsoftdevice_controller_s112_debug_soft__obfuscated.elf)
                0x0000000000005790                sym_RTPW34URA5OC7HP5UM7G7G6DKV4XBRT7CDOHPRA
 .text          0x00000000000057c8       0x54 C:/ncs/v2.6.1/nrfxlib/softdevice_controller/lib/cortex-m4/soft-float/libsoftdevice_controller_peripheral.a(libsoftdevice_controller_s112_debug_soft__obfuscated.elf)
                0x00000000000057c8                sym_7ABLLIXUF3HMINU3DLWXJDVBNAU7RSUXPXZ3RFQ
 .text          0x000000000000581c       0x88 C:/ncs/v2.6.1/nrfxlib/softdevice_controller/lib/cortex-m4/soft-float/libsoftdevice_controller_peripheral.a(libsoftdevice_controller_s112_debug_soft__obfuscated.elf)
                0x000000000000581c                sym_RHE23VLW3YS5P4HRDMPTVWIHXVLEGJ7BJEAEEUI
 .text          0x00000000000058a4       0x28 C:/ncs/v2.6.1/nrfxlib/softdevice_controller/lib/cortex-m4/soft-float/libsoftdevice_controller_peripheral.a(libsoftdevice_controller_s112_debug_soft__obfuscated.elf)
                0x00000000000058a4                sym_KH2TZBL3IC4Q72SOWRZYKXJYTC66QUG36J2D64Q
 .text          0x00000000000058cc       0x20 C:/ncs/v2.6.1/nrfxlib/softdevice_controller/lib/cortex-m4/soft-float/libsoftdevice_controller_peripheral.a(libsoftdevice_controller_s112_debug_soft__obfuscated.elf)
                0x00000000000058cc                sym_CYYZ5DA5UWAE37FM7XP643I473QUSWWZ2MS7OLY
 .text          0x00000000000058ec       0x34 C:/ncs/v2.6.1/nrfxlib/softdevice_controller/lib/cortex-m4/soft-float/libsoftdevice_controller_peripheral.a(libsoftdevice_controller_s112_debug_soft__obfuscated.elf)
                0x00000000000058ec                sym_KQ4RAL3HW3LUBE4EKZDESO77BJMQRXFGP63ANLQ
 .text          0x0000000000005920       0xac C:/ncs/v2.6.1/nrfxlib/softdevice_controller/lib/cortex-m4/soft-float/libsoftdevice_controller_peripheral.a(libsoftdevice_controller_s112_debug_soft__obfuscated.elf)
                0x0000000000005920                sym_365Y77DXDRWJHR4QPTXJM46KZ7L557J533F2SNY
 .text          0x00000000000059cc       0x4c C:/ncs/v2.6.1/nrfxlib/softdevice_controller/lib/cortex-m4/soft-float/libsoftdevice_controller_peripheral.a(libsoftdevice_controller_s112_debug_soft__obfuscated.elf)
 .text          0x0000000000005a18       0x84 C:/ncs/v2.6.1/nrfxlib/softdevice_controller/lib/cortex-m4/soft-float/libsoftdevice_controller_peripheral.a(libsoftdevice_controller_s112_debug_soft__obfuscated.elf)
 .text          0x0000000000005a9c       0x18 C:/ncs/v2.6.1/nrfxlib/softdevice_controller/lib/cortex-m4/soft-float/libsoftdevice_controller_peripheral.a(libsoftdevice_controller_s112_debug_soft__obfuscated.elf)
                0x0000000000005a9c                sym_3E5VWVFRMYHMNGUSJEPBKKOP7X6VGWWURR334MQ
 .text          0x0000000000005ab4      0x104 C:/ncs/v2.6.1/nrfxlib/softdevice_controller/lib/cortex-m4/soft-float/libsoftdevice_controller_peripheral.a(libsoftdevice_controller_s112_debug_soft__obfuscated.elf)
                0x0000000000005ab4                sym_MKU2XEL6QB4MO4JU3HW4P3NALUM7PALQ3OF2VGA
 .text          0x0000000000005bb8       0x88 C:/ncs/v2.6.1/nrfxlib/softdevice_controller/lib/cortex-m4/soft-float/libsoftdevice_controller_peripheral.a(libsoftdevice_controller_s112_debug_soft__obfuscated.elf)
 .text          0x0000000000005c40       0x24 C:/ncs/v2.6.1/nrfxlib/softdevice_controller/lib/cortex-m4/soft-float/libsoftdevice_controller_peripheral.a(libsoftdevice_controller_s112_debug_soft__obfuscated.elf)
                0x0000000000005c40                sym_ECAFXV3NMZ2THIWY27PTYY6WSGFWQJNAJOG5HIY
 .text          0x0000000000005c64        0xc C:/ncs/v2.6.1/nrfxlib/softdevice_controller/lib/cortex-m4/soft-float/libsoftdevice_controller_peripheral.a(libsoftdevice_controller_s112_debug_soft__obfuscated.elf)
                0x0000000000005c64                sym_FKU5SDIGNJ3CUR3VYEELCK5CK3EK42NLF7KQXSQ
 .text          0x0000000000005c70        0xc C:/ncs/v2.6.1/nrfxlib/softdevice_controller/lib/cortex-m4/soft-float/libsoftdevice_controller_peripheral.a(libsoftdevice_controller_s112_debug_soft__obfuscated.elf)
                0x0000000000005c70                sym_MD2ACKWOI3UMWSI6IONGH6VN62ROA3VVQP7HYBQ
 .text          0x0000000000005c7c       0x60 C:/ncs/v2.6.1/nrfxlib/softdevice_controller/lib/cortex-m4/soft-float/libsoftdevice_controller_peripheral.a(libsoftdevice_controller_s112_debug_soft__obfuscated.elf)
                0x0000000000005c7c                sym_VT36OYILRYR2ODZV34U7WHVGGSRS7VN6JG7WPYI
 .text          0x0000000000005cdc       0x48 C:/ncs/v2.6.1/nrfxlib/softdevice_controller/lib/cortex-m4/soft-float/libsoftdevice_controller_peripheral.a(libsoftdevice_controller_s112_debug_soft__obfuscated.elf)
                0x0000000000005cdc                sym_3BV6HS2RZST6R6C5ZWOISO6OTZHTSW3BAFXBSVQ
 .text          0x0000000000005d24       0x64 C:/ncs/v2.6.1/nrfxlib/softdevice_controller/lib/cortex-m4/soft-float/libsoftdevice_controller_peripheral.a(libsoftdevice_controller_s112_debug_soft__obfuscated.elf)
 .text          0x0000000000005d88       0x90 C:/ncs/v2.6.1/nrfxlib/softdevice_controller/lib/cortex-m4/soft-float/libsoftdevice_controller_peripheral.a(libsoftdevice_controller_s112_debug_soft__obfuscated.elf)
 .text          0x0000000000005e18       0x4c C:/ncs/v2.6.1/nrfxlib/softdevice_controller/lib/cortex-m4/soft-float/libsoftdevice_controller_peripheral.a(libsoftdevice_controller_s112_debug_soft__obfuscated.elf)
 .text          0x0000000000005e64       0x28 C:/ncs/v2.6.1/nrfxlib/softdevice_controller/lib/cortex-m4/soft-float/libsoftdevice_controller_peripheral.a(libsoftdevice_controller_s112_debug_soft__obfuscated.elf)
 .text          0x0000000000005e8c       0xbc C:/ncs/v2.6.1/nrfxlib/softdevice_controller/lib/cortex-m4/soft-float/libsoftdevice_controller_peripheral.a(libsoftdevice_controller_s112_debug_soft__obfuscated.elf)
 .text          0x0000000000005f48      0x1a0 C:/ncs/v2.6.1/nrfxlib/softdevice_controller/lib/cortex-m4/soft-float/libsoftdevice_controller_peripheral.a(libsoftdevice_controller_s112_debug_soft__obfuscated.elf)
 .text          0x00000000000060e8       0xa8 C:/ncs/v2.6.1/nrfxlib/softdevice_controller/lib/cortex-m4/soft-float/libsoftdevice_controller_peripheral.a(libsoftdevice_controller_s112_debug_soft__obfuscated.elf)
 .text          0x0000000000006190       0x38 C:/ncs/v2.6.1/nrfxlib/softdevice_controller/lib/cortex-m4/soft-float/libsoftdevice_controller_peripheral.a(libsoftdevice_controller_s112_debug_soft__obfuscated.elf)
 .text          0x00000000000061c8       0x3c C:/ncs/v2.6.1/nrfxlib/softdevice_controller/lib/cortex-m4/soft-float/libsoftdevice_controller_peripheral.a(libsoftdevice_controller_s112_debug_soft__obfuscated.elf)
 .text          0x0000000000006204       0xcc C:/ncs/v2.6.1/nrfxlib/softdevice_controller/lib/cortex-m4/soft-float/libsoftdevice_controller_peripheral.a(libsoftdevice_controller_s112_debug_soft__obfuscated.elf)
 .text          0x00000000000062d0       0x60 C:/ncs/v2.6.1/nrfxlib/softdevice_controller/lib/cortex-m4/soft-float/libsoftdevice_controller_peripheral.a(libsoftdevice_controller_s112_debug_soft__obfuscated.elf)
 .text          0x0000000000006330       0x90 C:/ncs/v2.6.1/nrfxlib/softdevice_controller/lib/cortex-m4/soft-float/libsoftdevice_controller_peripheral.a(libsoftdevice_controller_s112_debug_soft__obfuscated.elf)
 .text          0x00000000000063c0       0xf0 C:/ncs/v2.6.1/nrfxlib/softdevice_controller/lib/cortex-m4/soft-float/libsoftdevice_controller_peripheral.a(libsoftdevice_controller_s112_debug_soft__obfuscated.elf)
                0x00000000000063c0                sym_FIYSAC63N2FF462LEI76F5US34JKFTAQDSI2LXA
 .text          0x00000000000064b0      0x9d0 C:/ncs/v2.6.1/nrfxlib/softdevice_controller/lib/cortex-m4/soft-float/libsoftdevice_controller_peripheral.a(libsoftdevice_controller_s112_debug_soft__obfuscated.elf)
 .text          0x0000000000006e80      0x1e0 C:/ncs/v2.6.1/nrfxlib/softdevice_controller/lib/cortex-m4/soft-float/libsoftdevice_controller_peripheral.a(libsoftdevice_controller_s112_debug_soft__obfuscated.elf)
                0x0000000000006e80                sym_GRKUQI62F6CK2HPCZKZRWSZ3PZVCGXTWPZAIMJA
 .text          0x0000000000007060       0x58 C:/ncs/v2.6.1/nrfxlib/softdevice_controller/lib/cortex-m4/soft-float/libsoftdevice_controller_peripheral.a(libsoftdevice_controller_s112_debug_soft__obfuscated.elf)
                0x0000000000007060                sym_TLMTJNRYMIPTFJ2BLGCEHSZKVDBLFBSNMQEHHZI
 .text          0x00000000000070b8       0x5c C:/ncs/v2.6.1/nrfxlib/softdevice_controller/lib/cortex-m4/soft-float/libsoftdevice_controller_peripheral.a(libsoftdevice_controller_s112_debug_soft__obfuscated.elf)
                0x00000000000070b8                sym_HT64RIVISXSWFJE3LL26YHKQRTRRXKVEDBUUUOQ
 .text          0x0000000000007114       0x30 C:/ncs/v2.6.1/nrfxlib/softdevice_controller/lib/cortex-m4/soft-float/libsoftdevice_controller_peripheral.a(libsoftdevice_controller_s112_debug_soft__obfuscated.elf)
                0x0000000000007114                sym_OGXWMXSCK2QG6TOSCWHHS4PII24VSXWVJJIPCDI
 .text          0x0000000000007144       0x30 C:/ncs/v2.6.1/nrfxlib/softdevice_controller/lib/cortex-m4/soft-float/libsoftdevice_controller_peripheral.a(libsoftdevice_controller_s112_debug_soft__obfuscated.elf)
                0x0000000000007144                sym_B2B7AU2WDMX5JQNGTX4YKNCWQCXQIG5PWSSOSAI
 .text          0x0000000000007174       0x20 C:/ncs/v2.6.1/nrfxlib/softdevice_controller/lib/cortex-m4/soft-float/libsoftdevice_controller_peripheral.a(libsoftdevice_controller_s112_debug_soft__obfuscated.elf)
 .text          0x0000000000007194       0x14 C:/ncs/v2.6.1/nrfxlib/softdevice_controller/lib/cortex-m4/soft-float/libsoftdevice_controller_peripheral.a(libsoftdevice_controller_s112_debug_soft__obfuscated.elf)
                0x0000000000007194                sym_LOTFHGQTFUFWGX7HOTL4Q2XATGIJRVIMCMOYRMA
 .text          0x00000000000071a8       0x30 C:/ncs/v2.6.1/nrfxlib/softdevice_controller/lib/cortex-m4/soft-float/libsoftdevice_controller_peripheral.a(libsoftdevice_controller_s112_debug_soft__obfuscated.elf)
                0x00000000000071a8                sym_MDF364N4PQDEA5ZGP5CB3ZDZVZM5Q32KSEZZ5HI
 .text          0x00000000000071d8       0x34 C:/ncs/v2.6.1/nrfxlib/softdevice_controller/lib/cortex-m4/soft-float/libsoftdevice_controller_peripheral.a(libsoftdevice_controller_s112_debug_soft__obfuscated.elf)
                0x00000000000071d8                sym_XCEN5K7VEI2CAO42XW7S3FKM3HKMOCDCUFDX25Y
 .text          0x000000000000720c       0x44 C:/ncs/v2.6.1/nrfxlib/softdevice_controller/lib/cortex-m4/soft-float/libsoftdevice_controller_peripheral.a(libsoftdevice_controller_s112_debug_soft__obfuscated.elf)
                0x000000000000720c                sym_5DEPI2OGSPXE5OVFBPVFPSPYPRYUQ54QVVXIKNI
 .text          0x0000000000007250       0x34 C:/ncs/v2.6.1/nrfxlib/softdevice_controller/lib/cortex-m4/soft-float/libsoftdevice_controller_peripheral.a(libsoftdevice_controller_s112_debug_soft__obfuscated.elf)
                0x0000000000007250                sym_KZ5CVONZGMGIGNMI7YD6HLN3FXAAJK6OMEJW6BQ
 .text          0x0000000000007284       0x28 C:/ncs/v2.6.1/nrfxlib/softdevice_controller/lib/cortex-m4/soft-float/libsoftdevice_controller_peripheral.a(libsoftdevice_controller_s112_debug_soft__obfuscated.elf)
                0x0000000000007284                sym_ZQHB3ANU2DANFLJZLZL5U4SPQ2ZDVUAHI35744Y
 .text          0x00000000000072ac       0x10 C:/ncs/v2.6.1/nrfxlib/softdevice_controller/lib/cortex-m4/soft-float/libsoftdevice_controller_peripheral.a(libsoftdevice_controller_s112_debug_soft__obfuscated.elf)
                0x00000000000072ac                sym_TRMXENGHOH4VBQQZPIN222FLCEFU3Z3CD5C47DY
 .text          0x00000000000072bc       0x8c C:/ncs/v2.6.1/nrfxlib/softdevice_controller/lib/cortex-m4/soft-float/libsoftdevice_controller_peripheral.a(libsoftdevice_controller_s112_debug_soft__obfuscated.elf)
                0x00000000000072bc                sym_5I5MTMPTF2F4WI7MIXG5OG4TUPLUR53CB2QHVUA
 .text          0x0000000000007348       0x84 C:/ncs/v2.6.1/nrfxlib/softdevice_controller/lib/cortex-m4/soft-float/libsoftdevice_controller_peripheral.a(libsoftdevice_controller_s112_debug_soft__obfuscated.elf)
                0x0000000000007348                sym_WLH66EC4H754I3MAYKGHFOCADIOY4E4WNRBI4TA
 .text          0x00000000000073cc       0x28 C:/ncs/v2.6.1/nrfxlib/softdevice_controller/lib/cortex-m4/soft-float/libsoftdevice_controller_peripheral.a(libsoftdevice_controller_s112_debug_soft__obfuscated.elf)
                0x00000000000073cc                sym_VIDE7XVSTT4HHX2MQJX6VUVABAKVNGIPRTLRLEQ
 .text          0x00000000000073f4       0x34 C:/ncs/v2.6.1/nrfxlib/softdevice_controller/lib/cortex-m4/soft-float/libsoftdevice_controller_peripheral.a(libsoftdevice_controller_s112_debug_soft__obfuscated.elf)
                0x00000000000073f4                sym_3CD5EC6VYR6RXXLO3FXSZQ37BOYSM63APF5D5BA
 .text          0x0000000000007428       0x6c C:/ncs/v2.6.1/nrfxlib/softdevice_controller/lib/cortex-m4/soft-float/libsoftdevice_controller_peripheral.a(libsoftdevice_controller_s112_debug_soft__obfuscated.elf)
                0x0000000000007428                sym_FYMYD324TMLKJZE62CZN4WTXFSPL6FPU2SZH6CI
 .text          0x0000000000007494        0xc C:/ncs/v2.6.1/nrfxlib/softdevice_controller/lib/cortex-m4/soft-float/libsoftdevice_controller_peripheral.a(libsoftdevice_controller_s112_debug_soft__obfuscated.elf)
                0x0000000000007494                sym_QQVHHHKNBN5TJBK4NCDSUYAMXMOEHFSL7HE7RRA
 .text          0x00000000000074a0       0x3c C:/ncs/v2.6.1/nrfxlib/softdevice_controller/lib/cortex-m4/soft-float/libsoftdevice_controller_peripheral.a(libsoftdevice_controller_s112_debug_soft__obfuscated.elf)
                0x00000000000074a0                sym_XPKSFPKFBNSTZZU4FUMGC3XRHAVS24BBL53HRMA
 .text          0x00000000000074dc       0x60 C:/ncs/v2.6.1/nrfxlib/softdevice_controller/lib/cortex-m4/soft-float/libsoftdevice_controller_peripheral.a(libsoftdevice_controller_s112_debug_soft__obfuscated.elf)
                0x00000000000074dc                sym_6Q45YYTUN2KDQ5V5UGE3T2LTI5FNGX6WIJYLIDI
 .text          0x000000000000753c       0x28 C:/ncs/v2.6.1/nrfxlib/softdevice_controller/lib/cortex-m4/soft-float/libsoftdevice_controller_peripheral.a(libsoftdevice_controller_s112_debug_soft__obfuscated.elf)
 .text          0x0000000000007564       0x10 C:/ncs/v2.6.1/nrfxlib/softdevice_controller/lib/cortex-m4/soft-float/libsoftdevice_controller_peripheral.a(libsoftdevice_controller_s112_debug_soft__obfuscated.elf)
 .text          0x0000000000007574       0x54 C:/ncs/v2.6.1/nrfxlib/softdevice_controller/lib/cortex-m4/soft-float/libsoftdevice_controller_peripheral.a(libsoftdevice_controller_s112_debug_soft__obfuscated.elf)
 .text          0x00000000000075c8       0x30 C:/ncs/v2.6.1/nrfxlib/softdevice_controller/lib/cortex-m4/soft-float/libsoftdevice_controller_peripheral.a(libsoftdevice_controller_s112_debug_soft__obfuscated.elf)
 .text          0x00000000000075f8       0x34 C:/ncs/v2.6.1/nrfxlib/softdevice_controller/lib/cortex-m4/soft-float/libsoftdevice_controller_peripheral.a(libsoftdevice_controller_s112_debug_soft__obfuscated.elf)
 .text          0x000000000000762c       0x50 C:/ncs/v2.6.1/nrfxlib/softdevice_controller/lib/cortex-m4/soft-float/libsoftdevice_controller_peripheral.a(libsoftdevice_controller_s112_debug_soft__obfuscated.elf)
 .text          0x000000000000767c       0x60 C:/ncs/v2.6.1/nrfxlib/softdevice_controller/lib/cortex-m4/soft-float/libsoftdevice_controller_peripheral.a(libsoftdevice_controller_s112_debug_soft__obfuscated.elf)
 .text          0x00000000000076dc       0x28 C:/ncs/v2.6.1/nrfxlib/softdevice_controller/lib/cortex-m4/soft-float/libsoftdevice_controller_peripheral.a(libsoftdevice_controller_s112_debug_soft__obfuscated.elf)
 .text          0x0000000000007704       0x38 C:/ncs/v2.6.1/nrfxlib/softdevice_controller/lib/cortex-m4/soft-float/libsoftdevice_controller_peripheral.a(libsoftdevice_controller_s112_debug_soft__obfuscated.elf)
 .text          0x000000000000773c       0x20 C:/ncs/v2.6.1/nrfxlib/softdevice_controller/lib/cortex-m4/soft-float/libsoftdevice_controller_peripheral.a(libsoftdevice_controller_s112_debug_soft__obfuscated.elf)
 .text          0x000000000000775c       0x4c C:/ncs/v2.6.1/nrfxlib/softdevice_controller/lib/cortex-m4/soft-float/libsoftdevice_controller_peripheral.a(libsoftdevice_controller_s112_debug_soft__obfuscated.elf)
 .text          0x00000000000077a8       0x50 C:/ncs/v2.6.1/nrfxlib/softdevice_controller/lib/cortex-m4/soft-float/libsoftdevice_controller_peripheral.a(libsoftdevice_controller_s112_debug_soft__obfuscated.elf)
 .text          0x00000000000077f8       0x74 C:/ncs/v2.6.1/nrfxlib/softdevice_controller/lib/cortex-m4/soft-float/libsoftdevice_controller_peripheral.a(libsoftdevice_controller_s112_debug_soft__obfuscated.elf)
                0x00000000000077f8                sym_RUQBFILZ5CHV2AAL6C3D2J5Y33TCCAPZTHBGZ3A
 .text          0x000000000000786c       0x10 C:/ncs/v2.6.1/nrfxlib/softdevice_controller/lib/cortex-m4/soft-float/libsoftdevice_controller_peripheral.a(libsoftdevice_controller_s112_debug_soft__obfuscated.elf)
                0x000000000000786c                sym_DRIMECVE2FH7O6C2LQ25QRVJOICPHLA5GC6TM2I
 .text          0x000000000000787c        0xc C:/ncs/v2.6.1/nrfxlib/softdevice_controller/lib/cortex-m4/soft-float/libsoftdevice_controller_peripheral.a(libsoftdevice_controller_s112_debug_soft__obfuscated.elf)
                0x000000000000787c                sym_ARLNRKQ66P65CL63VENK3NR6NFAZLWPJOOVV7RQ
 .text          0x0000000000007888        0xc C:/ncs/v2.6.1/nrfxlib/softdevice_controller/lib/cortex-m4/soft-float/libsoftdevice_controller_peripheral.a(libsoftdevice_controller_s112_debug_soft__obfuscated.elf)
                0x0000000000007888                sym_YKV5VFBUMD7K2LRWZ6WWYBEL5ESMQ4SDYYBDIPI
 .text          0x0000000000007894        0xc C:/ncs/v2.6.1/nrfxlib/softdevice_controller/lib/cortex-m4/soft-float/libsoftdevice_controller_peripheral.a(libsoftdevice_controller_s112_debug_soft__obfuscated.elf)
                0x0000000000007894                sym_GI7KSEEMTJQ7HR2XTQJ6A3EAB54YYLMWKNL2RBA
 .text          0x00000000000078a0       0x58 C:/ncs/v2.6.1/nrfxlib/softdevice_controller/lib/cortex-m4/soft-float/libsoftdevice_controller_peripheral.a(libsoftdevice_controller_s112_debug_soft__obfuscated.elf)
                0x00000000000078a0                sym_5CHOZAQ75MOW32NPEGX5AYLDFVQR6HZCDXZY5PQ
 .text          0x00000000000078f8       0x24 C:/ncs/v2.6.1/nrfxlib/softdevice_controller/lib/cortex-m4/soft-float/libsoftdevice_controller_peripheral.a(libsoftdevice_controller_s112_debug_soft__obfuscated.elf)
                0x00000000000078f8                sym_YUNWMAOOL6VPZ57LS54EAM7TJ65IEHYU7XKGKUI
 .text          0x000000000000791c      0x118 C:/ncs/v2.6.1/nrfxlib/softdevice_controller/lib/cortex-m4/soft-float/libsoftdevice_controller_peripheral.a(libsoftdevice_controller_s112_debug_soft__obfuscated.elf)
                0x000000000000791c                sym_JQ5GTNCJKXERB3SSKQRXLQOKWJQVRNEOVZZZVXI
 .text          0x0000000000007a34        0xc C:/ncs/v2.6.1/nrfxlib/softdevice_controller/lib/cortex-m4/soft-float/libsoftdevice_controller_peripheral.a(libsoftdevice_controller_s112_debug_soft__obfuscated.elf)
                0x0000000000007a34                sym_HE5JGYEZFIITGQL7PMATDHSORSCK7HJIY5UXOZA
 .text          0x0000000000007a40       0x14 C:/ncs/v2.6.1/nrfxlib/softdevice_controller/lib/cortex-m4/soft-float/libsoftdevice_controller_peripheral.a(libsoftdevice_controller_s112_debug_soft__obfuscated.elf)
                0x0000000000007a40                sym_YLRTPBVG5ROXKOW4KXUYITRUY3FD2MVZW5LF7ZA
 .text          0x0000000000007a54       0x38 C:/ncs/v2.6.1/nrfxlib/softdevice_controller/lib/cortex-m4/soft-float/libsoftdevice_controller_peripheral.a(libsoftdevice_controller_s112_debug_soft__obfuscated.elf)
                0x0000000000007a54                sym_GVSNNBZMBIJOMUA3FPIAVVC7S5MNBYUF4QELXZA
 .text          0x0000000000007a8c        0xc C:/ncs/v2.6.1/nrfxlib/softdevice_controller/lib/cortex-m4/soft-float/libsoftdevice_controller_peripheral.a(libsoftdevice_controller_s112_debug_soft__obfuscated.elf)
                0x0000000000007a8c                sym_ZQE76VUU7S5U7DETTZA65E75LHFWL5PGRN4JPHI
 .text          0x0000000000007a98       0x74 C:/ncs/v2.6.1/nrfxlib/softdevice_controller/lib/cortex-m4/soft-float/libsoftdevice_controller_peripheral.a(libsoftdevice_controller_s112_debug_soft__obfuscated.elf)
                0x0000000000007a98                sym_6PPYXQQOLTVZ6DHASA45P4Y6MOJ5US37OHECCGI
 .text          0x0000000000007b0c       0x94 C:/ncs/v2.6.1/nrfxlib/softdevice_controller/lib/cortex-m4/soft-float/libsoftdevice_controller_peripheral.a(libsoftdevice_controller_s112_debug_soft__obfuscated.elf)
                0x0000000000007b0c                sym_A5S3P57NWYYY5XJWBYERU6H4QSVP5TCTU7HKA5Y
 .text          0x0000000000007ba0       0x8c C:/ncs/v2.6.1/nrfxlib/softdevice_controller/lib/cortex-m4/soft-float/libsoftdevice_controller_peripheral.a(libsoftdevice_controller_s112_debug_soft__obfuscated.elf)
                0x0000000000007ba0                sym_2YSDS7VWGMSD5CN64D2VGQIYXBV3A6NJCHWFZEY
 .text          0x0000000000007c2c       0xd0 C:/ncs/v2.6.1/nrfxlib/softdevice_controller/lib/cortex-m4/soft-float/libsoftdevice_controller_peripheral.a(libsoftdevice_controller_s112_debug_soft__obfuscated.elf)
                0x0000000000007c2c                sym_WJZCKVDJU3WW5NVNH77DPRGYVZQLD372GLDYO6I
 .text          0x0000000000007cfc       0xf8 C:/ncs/v2.6.1/nrfxlib/softdevice_controller/lib/cortex-m4/soft-float/libsoftdevice_controller_peripheral.a(libsoftdevice_controller_s112_debug_soft__obfuscated.elf)
                0x0000000000007cfc                sym_E7IS652W2J5N5UTHP752WOA4YNSR7E5S5H4J2AA
 .text          0x0000000000007df4        0xc C:/ncs/v2.6.1/nrfxlib/softdevice_controller/lib/cortex-m4/soft-float/libsoftdevice_controller_peripheral.a(libsoftdevice_controller_s112_debug_soft__obfuscated.elf)
                0x0000000000007df4                sym_XD56LJG2JTRU4Q2V7WCY72EI3VTZICA3O4ERV2A
 .text          0x0000000000007e00       0x10 C:/ncs/v2.6.1/nrfxlib/softdevice_controller/lib/cortex-m4/soft-float/libsoftdevice_controller_peripheral.a(libsoftdevice_controller_s112_debug_soft__obfuscated.elf)
                0x0000000000007e00                sym_YG4UROEKVB7ZBE5TWHLNJHYKSFBTXGBYAX3RXRI
 .text          0x0000000000007e10       0x24 C:/ncs/v2.6.1/nrfxlib/softdevice_controller/lib/cortex-m4/soft-float/libsoftdevice_controller_peripheral.a(libsoftdevice_controller_s112_debug_soft__obfuscated.elf)
                0x0000000000007e10                sym_LPFN6QJEOHBT4AP2K7MEYWDZW35U5VHIHXOA54I
 .text          0x0000000000007e34       0x58 C:/ncs/v2.6.1/nrfxlib/softdevice_controller/lib/cortex-m4/soft-float/libsoftdevice_controller_peripheral.a(libsoftdevice_controller_s112_debug_soft__obfuscated.elf)
                0x0000000000007e34                sym_7CIQBS4FNO23MS6BAN7Q3LK45R62DBPT5FNCWOA
 .text          0x0000000000007e8c       0x48 C:/ncs/v2.6.1/nrfxlib/softdevice_controller/lib/cortex-m4/soft-float/libsoftdevice_controller_peripheral.a(libsoftdevice_controller_s112_debug_soft__obfuscated.elf)
                0x0000000000007e8c                sym_Y6HXZQJARJ7FDWKGPREPQGRRGDOQMXHDALUK6KY
 .text          0x0000000000007ed4       0x18 C:/ncs/v2.6.1/nrfxlib/softdevice_controller/lib/cortex-m4/soft-float/libsoftdevice_controller_peripheral.a(libsoftdevice_controller_s112_debug_soft__obfuscated.elf)
                0x0000000000007ed4                sym_RXYEX777ZXB2E2DXJWDBCV7AAHWTCHNTLOSENBY
 .text          0x0000000000007eec       0x1c C:/ncs/v2.6.1/nrfxlib/softdevice_controller/lib/cortex-m4/soft-float/libsoftdevice_controller_peripheral.a(libsoftdevice_controller_s112_debug_soft__obfuscated.elf)
                0x0000000000007eec                sym_PCLF3MATC3G3MYGRPG4ATMGCS6N4B7M5CSF2C2Y
 .text          0x0000000000007f08       0x18 C:/ncs/v2.6.1/nrfxlib/softdevice_controller/lib/cortex-m4/soft-float/libsoftdevice_controller_peripheral.a(libsoftdevice_controller_s112_debug_soft__obfuscated.elf)
                0x0000000000007f08                sym_EZCFQXKGAFHY5HQVJOXWDLO45XWMEJQY5WUGZNI
 .text          0x0000000000007f20       0x40 C:/ncs/v2.6.1/nrfxlib/softdevice_controller/lib/cortex-m4/soft-float/libsoftdevice_controller_peripheral.a(libsoftdevice_controller_s112_debug_soft__obfuscated.elf)
                0x0000000000007f20                sym_2GNBSSSS7HPV6RZQ52VFCGRXSPA3KLWISQSF42I
 .text          0x0000000000007f60       0x10 C:/ncs/v2.6.1/nrfxlib/softdevice_controller/lib/cortex-m4/soft-float/libsoftdevice_controller_peripheral.a(libsoftdevice_controller_s112_debug_soft__obfuscated.elf)
                0x0000000000007f60                sym_VEC44ISWPJAJ32J57NYIBEMC7Q6QEP7J6SVR4BQ
 .text          0x0000000000007f70       0x18 C:/ncs/v2.6.1/nrfxlib/softdevice_controller/lib/cortex-m4/soft-float/libsoftdevice_controller_peripheral.a(libsoftdevice_controller_s112_debug_soft__obfuscated.elf)
                0x0000000000007f70                sym_LSYZDZOMTD6BKKRX25HIBNLFKSFDXBS3PS4UKOY
 .text          0x0000000000007f88      0x230 C:/ncs/v2.6.1/nrfxlib/softdevice_controller/lib/cortex-m4/soft-float/libsoftdevice_controller_peripheral.a(libsoftdevice_controller_s112_debug_soft__obfuscated.elf)
                0x0000000000007f88                sym_EMR2H7KEGRFFKS6A4P3ZPPGOJSTVXLGRI25MEYQ
 .text          0x00000000000081b8       0x10 C:/ncs/v2.6.1/nrfxlib/softdevice_controller/lib/cortex-m4/soft-float/libsoftdevice_controller_peripheral.a(libsoftdevice_controller_s112_debug_soft__obfuscated.elf)
                0x00000000000081b8                sym_V67AIMSO57NYVNGXZF2PDQSJQJLITHU4KD4CKAY
 .text          0x00000000000081c8        0xc C:/ncs/v2.6.1/nrfxlib/softdevice_controller/lib/cortex-m4/soft-float/libsoftdevice_controller_peripheral.a(libsoftdevice_controller_s112_debug_soft__obfuscated.elf)
                0x00000000000081c8                sym_UX6VBOIQ7ULLMX3I6UDFOFZ6IT2DVZKKVIEVRMY
 .text          0x00000000000081d4       0x10 C:/ncs/v2.6.1/nrfxlib/softdevice_controller/lib/cortex-m4/soft-float/libsoftdevice_controller_peripheral.a(libsoftdevice_controller_s112_debug_soft__obfuscated.elf)
                0x00000000000081d4                sym_L4JTLGMK2AWYAAPRB3O77773SG36X2NTZJ3FAHA
 .text          0x00000000000081e4       0x1c C:/ncs/v2.6.1/nrfxlib/softdevice_controller/lib/cortex-m4/soft-float/libsoftdevice_controller_peripheral.a(libsoftdevice_controller_s112_debug_soft__obfuscated.elf)
                0x00000000000081e4                sym_WD6EQ3FQVKOAARDWHQJJC5SVKHQS7A2MF5YDCPA
 .text          0x0000000000008200       0x1c C:/ncs/v2.6.1/nrfxlib/softdevice_controller/lib/cortex-m4/soft-float/libsoftdevice_controller_peripheral.a(libsoftdevice_controller_s112_debug_soft__obfuscated.elf)
                0x0000000000008200                sym_WGW6HZ6PNLYQSUJALICWZO27AY5UJWYCU6B6ACI
 .text          0x000000000000821c       0x34 C:/ncs/v2.6.1/nrfxlib/softdevice_controller/lib/cortex-m4/soft-float/libsoftdevice_controller_peripheral.a(libsoftdevice_controller_s112_debug_soft__obfuscated.elf)
                0x000000000000821c                sym_7VLVVPDI26BVJ64XQBSGXOQYGQA4VH5APIPDGYA
 .text          0x0000000000008250       0x38 C:/ncs/v2.6.1/nrfxlib/softdevice_controller/lib/cortex-m4/soft-float/libsoftdevice_controller_peripheral.a(libsoftdevice_controller_s112_debug_soft__obfuscated.elf)
                0x0000000000008250                sym_55XNA7W2CQFJPCH62ZAKHLPISYHJ7KMNREEN6EA
 .text          0x0000000000008288       0xc0 C:/ncs/v2.6.1/nrfxlib/softdevice_controller/lib/cortex-m4/soft-float/libsoftdevice_controller_peripheral.a(libsoftdevice_controller_s112_debug_soft__obfuscated.elf)
                0x0000000000008288                sym_472GCM45ITLH5GOXITRUEUJXOU6SPVHTMEVFHWQ
 .text          0x0000000000008348        0xc C:/ncs/v2.6.1/nrfxlib/mpsl/fem/common/lib/cortex-m4/soft-float/libmpsl_fem_common.a(libmpsl_fem_common_debug_soft__obfuscated.elf)
                0x0000000000008348                mpsl_fem_disable
 .text          0x0000000000008354        0xc C:/ncs/v2.6.1/nrfxlib/mpsl/fem/common/lib/cortex-m4/soft-float/libmpsl_fem_common.a(libmpsl_fem_common_debug_soft__obfuscated.elf)
                0x0000000000008354                mpsl_fem_pa_configuration_set
 .text          0x0000000000008360        0xc C:/ncs/v2.6.1/nrfxlib/mpsl/fem/common/lib/cortex-m4/soft-float/libmpsl_fem_common.a(libmpsl_fem_common_debug_soft__obfuscated.elf)
                0x0000000000008360                mpsl_fem_lna_configuration_set
 .text          0x000000000000836c        0xc C:/ncs/v2.6.1/nrfxlib/mpsl/fem/common/lib/cortex-m4/soft-float/libmpsl_fem_common.a(libmpsl_fem_common_debug_soft__obfuscated.elf)
                0x000000000000836c                mpsl_fem_pa_configuration_clear
 .text          0x0000000000008378        0xc C:/ncs/v2.6.1/nrfxlib/mpsl/fem/common/lib/cortex-m4/soft-float/libmpsl_fem_common.a(libmpsl_fem_common_debug_soft__obfuscated.elf)
                0x0000000000008378                mpsl_fem_lna_configuration_clear
 .text          0x0000000000008384        0xc C:/ncs/v2.6.1/nrfxlib/mpsl/fem/common/lib/cortex-m4/soft-float/libmpsl_fem_common.a(libmpsl_fem_common_debug_soft__obfuscated.elf)
                0x0000000000008384                mpsl_fem_pa_gain_set
 .text          0x0000000000008390        0xc C:/ncs/v2.6.1/nrfxlib/mpsl/fem/common/lib/cortex-m4/soft-float/libmpsl_fem_common.a(libmpsl_fem_common_debug_soft__obfuscated.elf)
                0x0000000000008390                mpsl_fem_pa_is_configured
 .text          0x000000000000839c        0xc C:/ncs/v2.6.1/nrfxlib/mpsl/fem/common/lib/cortex-m4/soft-float/libmpsl_fem_common.a(libmpsl_fem_common_debug_soft__obfuscated.elf)
                0x000000000000839c                mpsl_fem_lna_is_configured
 .text          0x00000000000083a8       0x14 C:/ncs/v2.6.1/nrfxlib/mpsl/fem/common/lib/cortex-m4/soft-float/libmpsl_fem_common.a(libmpsl_fem_common_debug_soft__obfuscated.elf)
                0x00000000000083a8                mpsl_fem_tx_power_split
 .text          0x00000000000083bc        0xc C:/ncs/v2.6.1/nrfxlib/mpsl/fem/common/lib/cortex-m4/soft-float/libmpsl_fem_common.a(libmpsl_fem_common_debug_soft__obfuscated.elf)
                0x00000000000083bc                mpsl_fem_device_config_254_apply_get
 .text          0x00000000000083c8        0xc C:/ncs/v2.6.1/nrfxlib/mpsl/lib/cortex-m4/soft-float/libmpsl.a(libmpsl_debug_soft__obfuscated.elf)